[90m[4mquery:[24m[39m [94mSELECT[0m [95mversion[0m[37m([0m[37m)[0m
[90m[4mquery:[24m[39m [94mSELECT[0m [37m*[0m [94mFROM[0m [95mcurrent_schema[0m[37m([0m[37m)[0m
========== 寮€濮嬫祴璇曪細鍚庣 vs 鍓嶇 鍙嶅悜閾惧紡渚濊禆 ==========

銆愯揣鏌?HMMU6855127銆?鈹€鈹€鈹€鈹€鈹€鈹€鈹€鈹€鈹€鈹€鈹€鈹€鈹€鈹€鈹€鈹€鈹€鈹€鈹€鈹€鈹€鈹€鈹€鈹€鈹€鈹€鈹€鈹€鈹€鈹€鈹€鈹€鈹€鈹€鈹€鈹€鈹€鈹€鈹€鈹€鈹€鈹€鈹€鈹€鈹€鈹€鈹€鈹€鈹€鈹€鈹€鈹€鈹€鈹€鈹€鈹€鈹€鈹€鈹€鈹€
[90m[4mquery:[24m[39m [94mSELECT[0m [37m"Container"[0m[37m.[0m[37m"container_number"[0m [94mAS[0m [37m"Container_container_number"[0m[37m,[0m [37m"Container"[0m[37m.[0m[37m"container_type_code"[0m [94mAS[0m [37m"Container_container_type_code"[0m[37m,[0m [37m"Container"[0m[37m.[0m[37m"cargo_description"[0m [94mAS[0m [37m"Container_cargo_description"[0m[37m,[0m [37m"Container"[0m[37m.[0m[37m"gross_weight"[0m [94mAS[0m [37m"Container_gross_weight"[0m[37m,[0m [37m"Container"[0m[37m.[0m[37m"net_weight"[0m [94mAS[0m [37m"Container_net_weight"[0m[37m,[0m [37m"Container"[0m[37m.[0m[37m"cbm"[0m [94mAS[0m [37m"Container_cbm"[0m[37m,[0m [37m"Container"[0m[37m.[0m[37m"packages"[0m [94mAS[0m [37m"Container_packages"[0m[37m,[0m [37m"Container"[0m[37m.[0m[37m"seal_number"[0m [94mAS[0m [37m"Container_seal_number"[0m[37m,[0m [37m"Container"[0m[37m.[0m[37m"inspection_required"[0m [94mAS[0m [37m"Container_inspection_required"[0m[37m,[0m [37m"Container"[0m[37m.[0m[37m"is_unboxing"[0m [94mAS[0m [37m"Container_is_unboxing"[0m[37m,[0m [37m"Container"[0m[37m.[0m[37m"logistics_status"[0m [94mAS[0m [37m"Container_logistics_status"[0m[37m,[0m [37m"Container"[0m[37m.[0m[37m"gantt_derived"[0m [94mAS[0m [37m"Container_gantt_derived"[0m[37m,[0m [37m"Container"[0m[37m.[0m[37m"schedule_status"[0m [94mAS[0m [37m"Container_schedule_status"[0m[37m,[0m [37m"Container"[0m[37m.[0m[37m"remarks"[0m [94mAS[0m [37m"Container_remarks"[0m[37m,[0m [37m"Container"[0m[37m.[0m[37m"requires_pallet"[0m [94mAS[0m [37m"Container_requires_pallet"[0m[37m,[0m [37m"Container"[0m[37m.[0m[37m"requires_assembly"[0m [94mAS[0m [37m"Container_requires_assembly"[0m[37m,[0m [37m"Container"[0m[37m.[0m[37m"container_size"[0m [94mAS[0m [37m"Container_container_size"[0m[37m,[0m [37m"Container"[0m[37m.[0m[37m"is_rolled"[0m [94mAS[0m [37m"Container_is_rolled"[0m[37m,[0m [37m"Container"[0m[37m.[0m[37m"operator"[0m [94mAS[0m [37m"Container_operator"[0m[37m,[0m [37m"Container"[0m[37m.[0m[37m"container_holder"[0m [94mAS[0m [37m"Container_container_holder"[0m[37m,[0m [37m"Container"[0m[37m.[0m[37m"tare_weight"[0m [94mAS[0m [37m"Container_tare_weight"[0m[37m,[0m [37m"Container"[0m[37m.[0m[37m"total_weight"[0m [94mAS[0m [37m"Container_total_weight"[0m[37m,[0m [37m"Container"[0m[37m.[0m[37m"over_length"[0m [94mAS[0m [37m"Container_over_length"[0m[37m,[0m [37m"Container"[0m[37m.[0m[37m"over_height"[0m [94mAS[0m [37m"Container_over_height"[0m[37m,[0m [37m"Container"[0m[37m.[0m[37m"danger_class"[0m [94mAS[0m [37m"Container_danger_class"[0m[37m,[0m [37m"Container"[0m[37m.[0m[37m"current_status_desc_cn"[0m [94mAS[0m [37m"Container_current_status_desc_cn"[0m[37m,[0m [37m"Container"[0m[37m.[0m[37m"current_status_desc_en"[0m [94mAS[0m [37m"Container_current_status_desc_en"[0m[37m,[0m [37m"Container"[0m[37m.[0m[37m"bill_of_lading_number"[0m [94mAS[0m [37m"Container_bill_of_lading_number"[0m[37m,[0m [37m"Container"[0m[37m.[0m[37m"created_at"[0m [94mAS[0m [37m"Container_created_at"[0m[37m,[0m [37m"Container"[0m[37m.[0m[37m"updated_at"[0m [94mAS[0m [37m"Container_updated_at"[0m [94mFROM[0m [37m"biz_containers"[0m [37m"Container"[0m [94mWHERE[0m [37m([0m[37m([0m[37m"Container"[0m[37m.[0m[37m"container_number"[0m [37m=[0m [37m$[0m[32m1[0m[37m)[0m[37m)[0m [94mLIMIT[0m [32m1[0m [90m-- PARAMETERS: ["HMMU6855127"][0m
[90m[4mquery:[24m[39m [94mSELECT[0m [37m"PortOperation"[0m[37m.[0m[37m"id"[0m [94mAS[0m [37m"PortOperation_id"[0m[37m,[0m [37m"PortOperation"[0m[37m.[0m[37m"container_number"[0m [94mAS[0m [37m"PortOperation_container_number"[0m[37m,[0m [37m"PortOperation"[0m[37m.[0m[37m"port_type"[0m [94mAS[0m [37m"PortOperation_port_type"[0m[37m,[0m [37m"PortOperation"[0m[37m.[0m[37m"port_code"[0m [94mAS[0m [37m"PortOperation_port_code"[0m[37m,[0m [37m"PortOperation"[0m[37m.[0m[37m"port_name"[0m [94mAS[0m [37m"PortOperation_port_name"[0m[37m,[0m [37m"PortOperation"[0m[37m.[0m[37m"port_sequence"[0m [94mAS[0m [37m"PortOperation_port_sequence"[0m[37m,[0m [37m"PortOperation"[0m[37m.[0m[37m"eta"[0m [94mAS[0m [37m"PortOperation_eta"[0m[37m,[0m [37m"PortOperation"[0m[37m.[0m[37m"ata"[0m [94mAS[0m [37m"PortOperation_ata"[0m[37m,[0m [37m"PortOperation"[0m[37m.[0m[37m"revised_eta"[0m [94mAS[0m [37m"PortOperation_revised_eta"[0m[37m,[0m [37m"PortOperation"[0m[37m.[0m[37m"eta_correction"[0m [94mAS[0m [37m"PortOperation_eta_correction"[0m[37m,[0m [37m"PortOperation"[0m[37m.[0m[37m"discharged_time"[0m [94mAS[0m [37m"PortOperation_discharged_time"[0m[37m,[0m [37m"PortOperation"[0m[37m.[0m[37m"dest_port_unload_date"[0m [94mAS[0m [37m"PortOperation_dest_port_unload_date"[0m[37m,[0m [37m"PortOperation"[0m[37m.[0m[37m"etd"[0m [94mAS[0m [37m"PortOperation_etd"[0m[37m,[0m [37m"PortOperation"[0m[37m.[0m[37m"atd"[0m [94mAS[0m [37m"PortOperation_atd"[0m[37m,[0m [37m"PortOperation"[0m[37m.[0m[37m"transit_arrival_date"[0m [94mAS[0m [37m"PortOperation_transit_arrival_date"[0m[37m,[0m [37m"PortOperation"[0m[37m.[0m[37m"gate_in_time"[0m [94mAS[0m [37m"PortOperation_gate_in_time"[0m[37m,[0m [37m"PortOperation"[0m[37m.[0m[37m"gate_out_time"[0m [94mAS[0m [37m"PortOperation_gate_out_time"[0m[37m,[0m [37m"PortOperation"[0m[37m.[0m[37m"available_time"[0m [94mAS[0m [37m"PortOperation_available_time"[0m[37m,[0m [37m"PortOperation"[0m[37m.[0m[37m"customs_status"[0m [94mAS[0m [37m"PortOperation_customs_status"[0m[37m,[0m [37m"PortOperation"[0m[37m.[0m[37m"isf_status"[0m [94mAS[0m [37m"PortOperation_isf_status"[0m[37m,[0m [37m"PortOperation"[0m[37m.[0m[37m"last_free_date"[0m [94mAS[0m [37m"PortOperation_last_free_date"[0m[37m,[0m [37m"PortOperation"[0m[37m.[0m[37m"last_free_date_mode"[0m [94mAS[0m [37m"PortOperation_last_free_date_mode"[0m[37m,[0m [37m"PortOperation"[0m[37m.[0m[37m"last_free_date_source"[0m [94mAS[0m [37m"PortOperation_last_free_date_source"[0m[37m,[0m [37m"PortOperation"[0m[37m.[0m[37m"gate_in_terminal"[0m [94mAS[0m [37m"PortOperation_gate_in_terminal"[0m[37m,[0m [37m"PortOperation"[0m[37m.[0m[37m"gate_out_terminal"[0m [94mAS[0m [37m"PortOperation_gate_out_terminal"[0m[37m,[0m [37m"PortOperation"[0m[37m.[0m[37m"berth_position"[0m [94mAS[0m [37m"PortOperation_berth_position"[0m[37m,[0m [37m"PortOperation"[0m[37m.[0m[37m"planned_customs_date"[0m [94mAS[0m [37m"PortOperation_planned_customs_date"[0m[37m,[0m [37m"PortOperation"[0m[37m.[0m[37m"actual_customs_date"[0m [94mAS[0m [37m"PortOperation_actual_customs_date"[0m[37m,[0m [37m"PortOperation"[0m[37m.[0m[37m"customs_broker_code"[0m [94mAS[0m [37m"PortOperation_customs_broker_code"[0m[37m,[0m [37m"PortOperation"[0m[37m.[0m[37m"document_status"[0m [94mAS[0m [37m"PortOperation_document_status"[0m[37m,[0m [37m"PortOperation"[0m[37m.[0m[37m"all_generated_date"[0m [94mAS[0m [37m"PortOperation_all_generated_date"[0m[37m,[0m [37m"PortOperation"[0m[37m.[0m[37m"customs_remarks"[0m [94mAS[0m [37m"PortOperation_customs_remarks"[0m[37m,[0m [37m"PortOperation"[0m[37m.[0m[37m"isf_declaration_date"[0m [94mAS[0m [37m"PortOperation_isf_declaration_date"[0m[37m,[0m [37m"PortOperation"[0m[37m.[0m[37m"document_transfer_date"[0m [94mAS[0m [37m"PortOperation_document_transfer_date"[0m[37m,[0m [37m"PortOperation"[0m[37m.[0m[37m"manifest_release_date"[0m [94mAS[0m [37m"PortOperation_manifest_release_date"[0m[37m,[0m [37m"PortOperation"[0m[37m.[0m[37m"document_cutoff_date"[0m [94mAS[0m [37m"PortOperation_document_cutoff_date"[0m[37m,[0m [37m"PortOperation"[0m[37m.[0m[37m"customs_cutoff_date"[0m [94mAS[0m [37m"PortOperation_customs_cutoff_date"[0m[37m,[0m [37m"PortOperation"[0m[37m.[0m[37m"customs_hold_date"[0m [94mAS[0m [37m"PortOperation_customs_hold_date"[0m[37m,[0m [37m"PortOperation"[0m[37m.[0m[37m"carrier_hold_date"[0m [94mAS[0m [37m"PortOperation_carrier_hold_date"[0m[37m,[0m [37m"PortOperation"[0m[37m.[0m[37m"terminal_hold_date"[0m [94mAS[0m [37m"PortOperation_terminal_hold_date"[0m[37m,[0m [37m"PortOperation"[0m[37m.[0m[37m"customs_release_date"[0m [94mAS[0m [37m"PortOperation_customs_release_date"[0m[37m,[0m [37m"PortOperation"[0m[37m.[0m[37m"terminal_release_date"[0m [94mAS[0m [37m"PortOperation_terminal_release_date"[0m[37m,[0m [37m"PortOperation"[0m[37m.[0m[37m"port_open_date"[0m [94mAS[0m [37m"PortOperation_port_open_date"[0m[37m,[0m [37m"PortOperation"[0m[37m.[0m[37m"port_close_date"[0m [94mAS[0m [37m"PortOperation_port_close_date"[0m[37m,[0m [37m"PortOperation"[0m[37m.[0m[37m"train_arrival_date"[0m [94mAS[0m [37m"PortOperation_train_arrival_date"[0m[37m,[0m [37m"PortOperation"[0m[37m.[0m[37m"train_discharge_date"[0m [94mAS[0m [37m"PortOperation_train_discharge_date"[0m[37m,[0m [37m"PortOperation"[0m[37m.[0m[37m"train_departure_time"[0m [94mAS[0m [37m"PortOperation_train_departure_time"[0m[37m,[0m [37m"PortOperation"[0m[37m.[0m[37m"rail_last_free_date"[0m [94mAS[0m [37m"PortOperation_rail_last_free_date"[0m[37m,[0m [37m"PortOperation"[0m[37m.[0m[37m"last_free_date_invalid"[0m [94mAS[0m [37m"PortOperation_last_free_date_invalid"[0m[37m,[0m [37m"PortOperation"[0m[37m.[0m[37m"last_free_date_remark"[0m [94mAS[0m [37m"PortOperation_last_free_date_remark"[0m[37m,[0m [37m"PortOperation"[0m[37m.[0m[37m"free_storage_days"[0m [94mAS[0m [37m"PortOperation_free_storage_days"[0m[37m,[0m [37m"PortOperation"[0m[37m.[0m[37m"free_detention_days"[0m [94mAS[0m [37m"PortOperation_free_detention_days"[0m[37m,[0m [37m"PortOperation"[0m[37m.[0m[37m"free_off_terminal_days"[0m [94mAS[0m [37m"PortOperation_free_off_terminal_days"[0m[37m,[0m [37m"PortOperation"[0m[37m.[0m[37m"status_code"[0m [94mAS[0m [37m"PortOperation_status_code"[0m[37m,[0m [37m"PortOperation"[0m[37m.[0m[37m"status_occurred_at"[0m [94mAS[0m [37m"PortOperation_status_occurred_at"[0m[37m,[0m [37m"PortOperation"[0m[37m.[0m[37m"has_occurred"[0m [94mAS[0m [37m"PortOperation_has_occurred"[0m[37m,[0m [37m"PortOperation"[0m[37m.[0m[37m"location_name_en"[0m [94mAS[0m [37m"PortOperation_location_name_en"[0m[37m,[0m [37m"PortOperation"[0m[37m.[0m[37m"location_name_cn"[0m [94mAS[0m [37m"PortOperation_location_name_cn"[0m[37m,[0m [37m"PortOperation"[0m[37m.[0m[37m"location_type"[0m [94mAS[0m [37m"PortOperation_location_type"[0m[37m,[0m [37m"PortOperation"[0m[37m.[0m[37m"latitude"[0m [94mAS[0m [37m"PortOperation_latitude"[0m[37m,[0m [37m"PortOperation"[0m[37m.[0m[37m"longitude"[0m [94mAS[0m [37m"PortOperation_longitude"[0m[37m,[0m [37m"PortOperation"[0m[37m.[0m[37m"timezone"[0m [94mAS[0m [37m"PortOperation_timezone"[0m[37m,[0m [37m"PortOperation"[0m[37m.[0m[37m"data_source"[0m [94mAS[0m [37m"PortOperation_data_source"[0m[37m,[0m [37m"PortOperation"[0m[37m.[0m[37m"cargo_location"[0m [94mAS[0m [37m"PortOperation_cargo_location"[0m[37m,[0m [37m"PortOperation"[0m[37m.[0m[37m"remarks"[0m [94mAS[0m [37m"PortOperation_remarks"[0m[37m,[0m [37m"PortOperation"[0m[37m.[0m[37m"created_at"[0m [94mAS[0m [37m"PortOperation_created_at"[0m[37m,[0m [37m"PortOperation"[0m[37m.[0m[37m"updated_at"[0m [94mAS[0m [37m"PortOperation_updated_at"[0m [94mFROM[0m [37m"process_port_operations"[0m [37m"PortOperation"[0m [94mWHERE[0m [37m([0m[37m([0m[37m"PortOperation"[0m[37m.[0m[37m"container_number"[0m [37m=[0m [37m$[0m[32m1[0m[37m)[0m[37m)[0m [90m-- PARAMETERS: ["HMMU6855127"][0m
[90m[4mquery:[24m[39m [94mSELECT[0m [37m"TruckingTransport"[0m[37m.[0m[37m"container_number"[0m [94mAS[0m [37m"TruckingTransport_container_number"[0m[37m,[0m [37m"TruckingTransport"[0m[37m.[0m[37m"trucking_type"[0m [94mAS[0m [37m"TruckingTransport_trucking_type"[0m[37m,[0m [37m"TruckingTransport"[0m[37m.[0m[37m"is_pre_pickup"[0m [94mAS[0m [37m"TruckingTransport_is_pre_pickup"[0m[37m,[0m [37m"TruckingTransport"[0m[37m.[0m[37m"trucking_company_id"[0m [94mAS[0m [37m"TruckingTransport_trucking_company_id"[0m[37m,[0m [37m"TruckingTransport"[0m[37m.[0m[37m"pickup_notification"[0m [94mAS[0m [37m"TruckingTransport_pickup_notification"[0m[37m,[0m [37m"TruckingTransport"[0m[37m.[0m[37m"carrier_company"[0m [94mAS[0m [37m"TruckingTransport_carrier_company"[0m[37m,[0m [37m"TruckingTransport"[0m[37m.[0m[37m"last_pickup_date"[0m [94mAS[0m [37m"TruckingTransport_last_pickup_date"[0m[37m,[0m [37m"TruckingTransport"[0m[37m.[0m[37m"planned_pickup_date"[0m [94mAS[0m [37m"TruckingTransport_planned_pickup_date"[0m[37m,[0m [37m"TruckingTransport"[0m[37m.[0m[37m"pickup_date"[0m [94mAS[0m [37m"TruckingTransport_pickup_date"[0m[37m,[0m [37m"TruckingTransport"[0m[37m.[0m[37m"pickup_date_source"[0m [94mAS[0m [37m"TruckingTransport_pickup_date_source"[0m[37m,[0m [37m"TruckingTransport"[0m[37m.[0m[37m"last_delivery_date"[0m [94mAS[0m [37m"TruckingTransport_last_delivery_date"[0m[37m,[0m [37m"TruckingTransport"[0m[37m.[0m[37m"planned_delivery_date"[0m [94mAS[0m [37m"TruckingTransport_planned_delivery_date"[0m[37m,[0m [37m"TruckingTransport"[0m[37m.[0m[37m"delivery_date"[0m [94mAS[0m [37m"TruckingTransport_delivery_date"[0m[37m,[0m [37m"TruckingTransport"[0m[37m.[0m[37m"unload_mode_plan"[0m [94mAS[0m [37m"TruckingTransport_unload_mode_plan"[0m[37m,[0m [37m"TruckingTransport"[0m[37m.[0m[37m"driver_name"[0m [94mAS[0m [37m"TruckingTransport_driver_name"[0m[37m,[0m [37m"TruckingTransport"[0m[37m.[0m[37m"driver_phone"[0m [94mAS[0m [37m"TruckingTransport_driver_phone"[0m[37m,[0m [37m"TruckingTransport"[0m[37m.[0m[37m"truck_plate"[0m [94mAS[0m [37m"TruckingTransport_truck_plate"[0m[37m,[0m [37m"TruckingTransport"[0m[37m.[0m[37m"pickup_location"[0m [94mAS[0m [37m"TruckingTransport_pickup_location"[0m[37m,[0m [37m"TruckingTransport"[0m[37m.[0m[37m"delivery_location"[0m [94mAS[0m [37m"TruckingTransport_delivery_location"[0m[37m,[0m [37m"TruckingTransport"[0m[37m.[0m[37m"distance_km"[0m [94mAS[0m [37m"TruckingTransport_distance_km"[0m[37m,[0m [37m"TruckingTransport"[0m[37m.[0m[37m"cost"[0m [94mAS[0m [37m"TruckingTransport_cost"[0m[37m,[0m [37m"TruckingTransport"[0m[37m.[0m[37m"schedule_status"[0m [94mAS[0m [37m"TruckingTransport_schedule_status"[0m[37m,[0m [37m"TruckingTransport"[0m[37m.[0m[37m"remarks"[0m [94mAS[0m [37m"TruckingTransport_remarks"[0m[37m,[0m [37m"TruckingTransport"[0m[37m.[0m[37m"created_at"[0m [94mAS[0m [37m"TruckingTransport_created_at"[0m[37m,[0m [37m"TruckingTransport"[0m[37m.[0m[37m"updated_at"[0m [94mAS[0m [37m"TruckingTransport_updated_at"[0m [94mFROM[0m [37m"process_trucking_transport"[0m [37m"TruckingTransport"[0m [94mWHERE[0m [37m([0m[37m([0m[37m"TruckingTransport"[0m[37m.[0m[37m"container_number"[0m [37m=[0m [37m$[0m[32m1[0m[37m)[0m[37m)[0m [90m-- PARAMETERS: ["HMMU6855127"][0m
[90m[4mquery:[24m[39m [94mSELECT[0m [37m"WarehouseOperation"[0m[37m.[0m[37m"container_number"[0m [94mAS[0m [37m"WarehouseOperation_container_number"[0m[37m,[0m [37m"WarehouseOperation"[0m[37m.[0m[37m"operation_type"[0m [94mAS[0m [37m"WarehouseOperation_operation_type"[0m[37m,[0m [37m"WarehouseOperation"[0m[37m.[0m[37m"warehouse_id"[0m [94mAS[0m [37m"WarehouseOperation_warehouse_id"[0m[37m,[0m [37m"WarehouseOperation"[0m[37m.[0m[37m"planned_warehouse"[0m [94mAS[0m [37m"WarehouseOperation_planned_warehouse"[0m[37m,[0m [37m"WarehouseOperation"[0m[37m.[0m[37m"actual_warehouse"[0m [94mAS[0m [37m"WarehouseOperation_actual_warehouse"[0m[37m,[0m [37m"WarehouseOperation"[0m[37m.[0m[37m"warehouse_group"[0m [94mAS[0m [37m"WarehouseOperation_warehouse_group"[0m[37m,[0m [37m"WarehouseOperation"[0m[37m.[0m[37m"warehouse_arrival_date"[0m [94mAS[0m [37m"WarehouseOperation_warehouse_arrival_date"[0m[37m,[0m [37m"WarehouseOperation"[0m[37m.[0m[37m"unload_mode_actual"[0m [94mAS[0m [37m"WarehouseOperation_unload_mode_actual"[0m[37m,[0m [37m"WarehouseOperation"[0m[37m.[0m[37m"last_unload_date"[0m [94mAS[0m [37m"WarehouseOperation_last_unload_date"[0m[37m,[0m [37m"WarehouseOperation"[0m[37m.[0m[37m"planned_unload_date"[0m [94mAS[0m [37m"WarehouseOperation_planned_unload_date"[0m[37m,[0m [37m"WarehouseOperation"[0m[37m.[0m[37m"unload_date"[0m [94mAS[0m [37m"WarehouseOperation_unload_date"[0m[37m,[0m [37m"WarehouseOperation"[0m[37m.[0m[37m"wms_status"[0m [94mAS[0m [37m"WarehouseOperation_wms_status"[0m[37m,[0m [37m"WarehouseOperation"[0m[37m.[0m[37m"ebs_status"[0m [94mAS[0m [37m"WarehouseOperation_ebs_status"[0m[37m,[0m [37m"WarehouseOperation"[0m[37m.[0m[37m"wms_confirm_date"[0m [94mAS[0m [37m"WarehouseOperation_wms_confirm_date"[0m[37m,[0m [37m"WarehouseOperation"[0m[37m.[0m[37m"unload_gate"[0m [94mAS[0m [37m"WarehouseOperation_unload_gate"[0m[37m,[0m [37m"WarehouseOperation"[0m[37m.[0m[37m"unload_company"[0m [94mAS[0m [37m"WarehouseOperation_unload_company"[0m[37m,[0m [37m"WarehouseOperation"[0m[37m.[0m[37m"notification_pickup_date"[0m [94mAS[0m [37m"WarehouseOperation_notification_pickup_date"[0m[37m,[0m [37m"WarehouseOperation"[0m[37m.[0m[37m"pickup_time"[0m [94mAS[0m [37m"WarehouseOperation_pickup_time"[0m[37m,[0m [37m"WarehouseOperation"[0m[37m.[0m[37m"warehouse_remarks"[0m [94mAS[0m [37m"WarehouseOperation_warehouse_remarks"[0m[37m,[0m [37m"WarehouseOperation"[0m[37m.[0m[37m"gate_in_time"[0m [94mAS[0m [37m"WarehouseOperation_gate_in_time"[0m[37m,[0m [37m"WarehouseOperation"[0m[37m.[0m[37m"gate_out_time"[0m [94mAS[0m [37m"WarehouseOperation_gate_out_time"[0m[37m,[0m [37m"WarehouseOperation"[0m[37m.[0m[37m"storage_start_date"[0m [94mAS[0m [37m"WarehouseOperation_storage_start_date"[0m[37m,[0m [37m"WarehouseOperation"[0m[37m.[0m[37m"storage_end_date"[0m [94mAS[0m [37m"WarehouseOperation_storage_end_date"[0m[37m,[0m [37m"WarehouseOperation"[0m[37m.[0m[37m"is_unboxing"[0m [94mAS[0m [37m"WarehouseOperation_is_unboxing"[0m[37m,[0m [37m"WarehouseOperation"[0m[37m.[0m[37m"unboxing_time"[0m [94mAS[0m [37m"WarehouseOperation_unboxing_time"[0m[37m,[0m [37m"WarehouseOperation"[0m[37m.[0m[37m"cargo_received_by"[0m [94mAS[0m [37m"WarehouseOperation_cargo_received_by"[0m[37m,[0m [37m"WarehouseOperation"[0m[37m.[0m[37m"cargo_delivered_to"[0m [94mAS[0m [37m"WarehouseOperation_cargo_delivered_to"[0m[37m,[0m [37m"WarehouseOperation"[0m[37m.[0m[37m"remarks"[0m [94mAS[0m [37m"WarehouseOperation_remarks"[0m[37m,[0m [37m"WarehouseOperation"[0m[37m.[0m[37m"created_at"[0m [94mAS[0m [37m"WarehouseOperation_created_at"[0m[37m,[0m [37m"WarehouseOperation"[0m[37m.[0m[37m"updated_at"[0m [94mAS[0m [37m"WarehouseOperation_updated_at"[0m [94mFROM[0m [37m"process_warehouse_operations"[0m [37m"WarehouseOperation"[0m [94mWHERE[0m [37m([0m[37m([0m[37m"WarehouseOperation"[0m[37m.[0m[37m"container_number"[0m [37m=[0m [37m$[0m[32m1[0m[37m)[0m[37m)[0m [90m-- PARAMETERS: ["HMMU6855127"][0m
[90m[4mquery:[24m[39m [94mSELECT[0m [37m"EmptyReturn"[0m[37m.[0m[37m"container_number"[0m [94mAS[0m [37m"EmptyReturn_container_number"[0m[37m,[0m [37m"EmptyReturn"[0m[37m.[0m[37m"last_return_date"[0m [94mAS[0m [37m"EmptyReturn_last_return_date"[0m[37m,[0m [37m"EmptyReturn"[0m[37m.[0m[37m"planned_return_date"[0m [94mAS[0m [37m"EmptyReturn_planned_return_date"[0m[37m,[0m [37m"EmptyReturn"[0m[37m.[0m[37m"return_time"[0m [94mAS[0m [37m"EmptyReturn_return_time"[0m[37m,[0m [37m"EmptyReturn"[0m[37m.[0m[37m"notification_return_date"[0m [94mAS[0m [37m"EmptyReturn_notification_return_date"[0m[37m,[0m [37m"EmptyReturn"[0m[37m.[0m[37m"notification_return_time"[0m [94mAS[0m [37m"EmptyReturn_notification_return_time"[0m[37m,[0m [37m"EmptyReturn"[0m[37m.[0m[37m"return_terminal_code"[0m [94mAS[0m [37m"EmptyReturn_return_terminal_code"[0m[37m,[0m [37m"EmptyReturn"[0m[37m.[0m[37m"return_terminal_name"[0m [94mAS[0m [37m"EmptyReturn_return_terminal_name"[0m[37m,[0m [37m"EmptyReturn"[0m[37m.[0m[37m"container_condition"[0m [94mAS[0m [37m"EmptyReturn_container_condition"[0m[37m,[0m [37m"EmptyReturn"[0m[37m.[0m[37m"return_remarks"[0m [94mAS[0m [37m"EmptyReturn_return_remarks"[0m[37m,[0m [37m"EmptyReturn"[0m[37m.[0m[37m"created_at"[0m [94mAS[0m [37m"EmptyReturn_created_at"[0m[37m,[0m [37m"EmptyReturn"[0m[37m.[0m[37m"updated_at"[0m [94mAS[0m [37m"EmptyReturn_updated_at"[0m [94mFROM[0m [37m"process_empty_return"[0m [37m"EmptyReturn"[0m [94mWHERE[0m [37m([0m[37m([0m[37m"EmptyReturn"[0m[37m.[0m[37m"container_number"[0m [37m=[0m [37m$[0m[32m1[0m[37m)[0m[37m)[0m [90m-- PARAMETERS: ["HMMU6855127"][0m
馃搳 鍚庣 gantt-v3 璁＄畻缁撴灉:
  Phase: 1 (娓呭叧闃舵)
  Rule Version: gantt-v3
  娓呭叧: taskRole=main, completed=false
  鎻愭煖: taskRole=none, completed=false
  鍗告煖: taskRole=none, completed=false
  杩樼: taskRole=none, completed=false

馃帹 鍓嶇 calculateNodeStatus 璁＄畻缁撴灉:
  娓呭叧: status=completed, supplier=鏈寚瀹?  鎻愭煖: status=completed, supplier=RT_LOGISTICA_SRL_
  鍗告煖: status=active, supplier=IT-S002
  杩樼: status=pending, supplier=鏈寚瀹?
馃搵 鏁版嵁婧愭鏌?
  鐩殑娓?actualCustomsDate: 鉂?鏃?  鎻愭煖 deliveryDate: 鉂?鏃?  鎻愭煖 pickupDate: 鉁?鏈?  鍗告煖 unloadDate: 鉂?鏃?  杩樼 returnTime: 鉂?鏃?
馃攳 瀵规瘮鍒嗘瀽:
  娓呭叧鑺傜偣:
    棰勬湡: 閿€姣?(none/completed)
    鍚庣: 鉂?閿欒 (taskRole=main)
    鍓嶇: 鉁?姝ｇ‘ (status=completed)

  鉂?娴嬭瘯澶辫触
     鍘熷洜: customsShouldBeNone=true, backendCustoms.taskRole=main, frontendNodes.娓呭叧.status=completed


銆愯揣鏌?GAOU6195045銆?鈹€鈹€鈹€鈹€鈹€鈹€鈹€鈹€鈹€鈹€鈹€鈹€鈹€鈹€鈹€鈹€鈹€鈹€鈹€鈹€鈹€鈹€鈹€鈹€鈹€鈹€鈹€鈹€鈹€鈹€鈹€鈹€鈹€鈹€鈹€鈹€鈹€鈹€鈹€鈹€鈹€鈹€鈹€鈹€鈹€鈹€鈹€鈹€鈹€鈹€鈹€鈹€鈹€鈹€鈹€鈹€鈹€鈹€鈹€鈹€
[90m[4mquery:[24m[39m [94mSELECT[0m [37m"Container"[0m[37m.[0m[37m"container_number"[0m [94mAS[0m [37m"Container_container_number"[0m[37m,[0m [37m"Container"[0m[37m.[0m[37m"container_type_code"[0m [94mAS[0m [37m"Container_container_type_code"[0m[37m,[0m [37m"Container"[0m[37m.[0m[37m"cargo_description"[0m [94mAS[0m [37m"Container_cargo_description"[0m[37m,[0m [37m"Container"[0m[37m.[0m[37m"gross_weight"[0m [94mAS[0m [37m"Container_gross_weight"[0m[37m,[0m [37m"Container"[0m[37m.[0m[37m"net_weight"[0m [94mAS[0m [37m"Container_net_weight"[0m[37m,[0m [37m"Container"[0m[37m.[0m[37m"cbm"[0m [94mAS[0m [37m"Container_cbm"[0m[37m,[0m [37m"Container"[0m[37m.[0m[37m"packages"[0m [94mAS[0m [37m"Container_packages"[0m[37m,[0m [37m"Container"[0m[37m.[0m[37m"seal_number"[0m [94mAS[0m [37m"Container_seal_number"[0m[37m,[0m [37m"Container"[0m[37m.[0m[37m"inspection_required"[0m [94mAS[0m [37m"Container_inspection_required"[0m[37m,[0m [37m"Container"[0m[37m.[0m[37m"is_unboxing"[0m [94mAS[0m [37m"Container_is_unboxing"[0m[37m,[0m [37m"Container"[0m[37m.[0m[37m"logistics_status"[0m [94mAS[0m [37m"Container_logistics_status"[0m[37m,[0m [37m"Container"[0m[37m.[0m[37m"gantt_derived"[0m [94mAS[0m [37m"Container_gantt_derived"[0m[37m,[0m [37m"Container"[0m[37m.[0m[37m"schedule_status"[0m [94mAS[0m [37m"Container_schedule_status"[0m[37m,[0m [37m"Container"[0m[37m.[0m[37m"remarks"[0m [94mAS[0m [37m"Container_remarks"[0m[37m,[0m [37m"Container"[0m[37m.[0m[37m"requires_pallet"[0m [94mAS[0m [37m"Container_requires_pallet"[0m[37m,[0m [37m"Container"[0m[37m.[0m[37m"requires_assembly"[0m [94mAS[0m [37m"Container_requires_assembly"[0m[37m,[0m [37m"Container"[0m[37m.[0m[37m"container_size"[0m [94mAS[0m [37m"Container_container_size"[0m[37m,[0m [37m"Container"[0m[37m.[0m[37m"is_rolled"[0m [94mAS[0m [37m"Container_is_rolled"[0m[37m,[0m [37m"Container"[0m[37m.[0m[37m"operator"[0m [94mAS[0m [37m"Container_operator"[0m[37m,[0m [37m"Container"[0m[37m.[0m[37m"container_holder"[0m [94mAS[0m [37m"Container_container_holder"[0m[37m,[0m [37m"Container"[0m[37m.[0m[37m"tare_weight"[0m [94mAS[0m [37m"Container_tare_weight"[0m[37m,[0m [37m"Container"[0m[37m.[0m[37m"total_weight"[0m [94mAS[0m [37m"Container_total_weight"[0m[37m,[0m [37m"Container"[0m[37m.[0m[37m"over_length"[0m [94mAS[0m [37m"Container_over_length"[0m[37m,[0m [37m"Container"[0m[37m.[0m[37m"over_height"[0m [94mAS[0m [37m"Container_over_height"[0m[37m,[0m [37m"Container"[0m[37m.[0m[37m"danger_class"[0m [94mAS[0m [37m"Container_danger_class"[0m[37m,[0m [37m"Container"[0m[37m.[0m[37m"current_status_desc_cn"[0m [94mAS[0m [37m"Container_current_status_desc_cn"[0m[37m,[0m [37m"Container"[0m[37m.[0m[37m"current_status_desc_en"[0m [94mAS[0m [37m"Container_current_status_desc_en"[0m[37m,[0m [37m"Container"[0m[37m.[0m[37m"bill_of_lading_number"[0m [94mAS[0m [37m"Container_bill_of_lading_number"[0m[37m,[0m [37m"Container"[0m[37m.[0m[37m"created_at"[0m [94mAS[0m [37m"Container_created_at"[0m[37m,[0m [37m"Container"[0m[37m.[0m[37m"updated_at"[0m [94mAS[0m [37m"Container_updated_at"[0m [94mFROM[0m [37m"biz_containers"[0m [37m"Container"[0m [94mWHERE[0m [37m([0m[37m([0m[37m"Container"[0m[37m.[0m[37m"container_number"[0m [37m=[0m [37m$[0m[32m1[0m[37m)[0m[37m)[0m [94mLIMIT[0m [32m1[0m [90m-- PARAMETERS: ["GAOU6195045"][0m
[90m[4mquery:[24m[39m [94mSELECT[0m [37m"PortOperation"[0m[37m.[0m[37m"id"[0m [94mAS[0m [37m"PortOperation_id"[0m[37m,[0m [37m"PortOperation"[0m[37m.[0m[37m"container_number"[0m [94mAS[0m [37m"PortOperation_container_number"[0m[37m,[0m [37m"PortOperation"[0m[37m.[0m[37m"port_type"[0m [94mAS[0m [37m"PortOperation_port_type"[0m[37m,[0m [37m"PortOperation"[0m[37m.[0m[37m"port_code"[0m [94mAS[0m [37m"PortOperation_port_code"[0m[37m,[0m [37m"PortOperation"[0m[37m.[0m[37m"port_name"[0m [94mAS[0m [37m"PortOperation_port_name"[0m[37m,[0m [37m"PortOperation"[0m[37m.[0m[37m"port_sequence"[0m [94mAS[0m [37m"PortOperation_port_sequence"[0m[37m,[0m [37m"PortOperation"[0m[37m.[0m[37m"eta"[0m [94mAS[0m [37m"PortOperation_eta"[0m[37m,[0m [37m"PortOperation"[0m[37m.[0m[37m"ata"[0m [94mAS[0m [37m"PortOperation_ata"[0m[37m,[0m [37m"PortOperation"[0m[37m.[0m[37m"revised_eta"[0m [94mAS[0m [37m"PortOperation_revised_eta"[0m[37m,[0m [37m"PortOperation"[0m[37m.[0m[37m"eta_correction"[0m [94mAS[0m [37m"PortOperation_eta_correction"[0m[37m,[0m [37m"PortOperation"[0m[37m.[0m[37m"discharged_time"[0m [94mAS[0m [37m"PortOperation_discharged_time"[0m[37m,[0m [37m"PortOperation"[0m[37m.[0m[37m"dest_port_unload_date"[0m [94mAS[0m [37m"PortOperation_dest_port_unload_date"[0m[37m,[0m [37m"PortOperation"[0m[37m.[0m[37m"etd"[0m [94mAS[0m [37m"PortOperation_etd"[0m[37m,[0m [37m"PortOperation"[0m[37m.[0m[37m"atd"[0m [94mAS[0m [37m"PortOperation_atd"[0m[37m,[0m [37m"PortOperation"[0m[37m.[0m[37m"transit_arrival_date"[0m [94mAS[0m [37m"PortOperation_transit_arrival_date"[0m[37m,[0m [37m"PortOperation"[0m[37m.[0m[37m"gate_in_time"[0m [94mAS[0m [37m"PortOperation_gate_in_time"[0m[37m,[0m [37m"PortOperation"[0m[37m.[0m[37m"gate_out_time"[0m [94mAS[0m [37m"PortOperation_gate_out_time"[0m[37m,[0m [37m"PortOperation"[0m[37m.[0m[37m"available_time"[0m [94mAS[0m [37m"PortOperation_available_time"[0m[37m,[0m [37m"PortOperation"[0m[37m.[0m[37m"customs_status"[0m [94mAS[0m [37m"PortOperation_customs_status"[0m[37m,[0m [37m"PortOperation"[0m[37m.[0m[37m"isf_status"[0m [94mAS[0m [37m"PortOperation_isf_status"[0m[37m,[0m [37m"PortOperation"[0m[37m.[0m[37m"last_free_date"[0m [94mAS[0m [37m"PortOperation_last_free_date"[0m[37m,[0m [37m"PortOperation"[0m[37m.[0m[37m"last_free_date_mode"[0m [94mAS[0m [37m"PortOperation_last_free_date_mode"[0m[37m,[0m [37m"PortOperation"[0m[37m.[0m[37m"last_free_date_source"[0m [94mAS[0m [37m"PortOperation_last_free_date_source"[0m[37m,[0m [37m"PortOperation"[0m[37m.[0m[37m"gate_in_terminal"[0m [94mAS[0m [37m"PortOperation_gate_in_terminal"[0m[37m,[0m [37m"PortOperation"[0m[37m.[0m[37m"gate_out_terminal"[0m [94mAS[0m [37m"PortOperation_gate_out_terminal"[0m[37m,[0m [37m"PortOperation"[0m[37m.[0m[37m"berth_position"[0m [94mAS[0m [37m"PortOperation_berth_position"[0m[37m,[0m [37m"PortOperation"[0m[37m.[0m[37m"planned_customs_date"[0m [94mAS[0m [37m"PortOperation_planned_customs_date"[0m[37m,[0m [37m"PortOperation"[0m[37m.[0m[37m"actual_customs_date"[0m [94mAS[0m [37m"PortOperation_actual_customs_date"[0m[37m,[0m [37m"PortOperation"[0m[37m.[0m[37m"customs_broker_code"[0m [94mAS[0m [37m"PortOperation_customs_broker_code"[0m[37m,[0m [37m"PortOperation"[0m[37m.[0m[37m"document_status"[0m [94mAS[0m [37m"PortOperation_document_status"[0m[37m,[0m [37m"PortOperation"[0m[37m.[0m[37m"all_generated_date"[0m [94mAS[0m [37m"PortOperation_all_generated_date"[0m[37m,[0m [37m"PortOperation"[0m[37m.[0m[37m"customs_remarks"[0m [94mAS[0m [37m"PortOperation_customs_remarks"[0m[37m,[0m [37m"PortOperation"[0m[37m.[0m[37m"isf_declaration_date"[0m [94mAS[0m [37m"PortOperation_isf_declaration_date"[0m[37m,[0m [37m"PortOperation"[0m[37m.[0m[37m"document_transfer_date"[0m [94mAS[0m [37m"PortOperation_document_transfer_date"[0m[37m,[0m [37m"PortOperation"[0m[37m.[0m[37m"manifest_release_date"[0m [94mAS[0m [37m"PortOperation_manifest_release_date"[0m[37m,[0m [37m"PortOperation"[0m[37m.[0m[37m"document_cutoff_date"[0m [94mAS[0m [37m"PortOperation_document_cutoff_date"[0m[37m,[0m [37m"PortOperation"[0m[37m.[0m[37m"customs_cutoff_date"[0m [94mAS[0m [37m"PortOperation_customs_cutoff_date"[0m[37m,[0m [37m"PortOperation"[0m[37m.[0m[37m"customs_hold_date"[0m [94mAS[0m [37m"PortOperation_customs_hold_date"[0m[37m,[0m [37m"PortOperation"[0m[37m.[0m[37m"carrier_hold_date"[0m [94mAS[0m [37m"PortOperation_carrier_hold_date"[0m[37m,[0m [37m"PortOperation"[0m[37m.[0m[37m"terminal_hold_date"[0m [94mAS[0m [37m"PortOperation_terminal_hold_date"[0m[37m,[0m [37m"PortOperation"[0m[37m.[0m[37m"customs_release_date"[0m [94mAS[0m [37m"PortOperation_customs_release_date"[0m[37m,[0m [37m"PortOperation"[0m[37m.[0m[37m"terminal_release_date"[0m [94mAS[0m [37m"PortOperation_terminal_release_date"[0m[37m,[0m [37m"PortOperation"[0m[37m.[0m[37m"port_open_date"[0m [94mAS[0m [37m"PortOperation_port_open_date"[0m[37m,[0m [37m"PortOperation"[0m[37m.[0m[37m"port_close_date"[0m [94mAS[0m [37m"PortOperation_port_close_date"[0m[37m,[0m [37m"PortOperation"[0m[37m.[0m[37m"train_arrival_date"[0m [94mAS[0m [37m"PortOperation_train_arrival_date"[0m[37m,[0m [37m"PortOperation"[0m[37m.[0m[37m"train_discharge_date"[0m [94mAS[0m [37m"PortOperation_train_discharge_date"[0m[37m,[0m [37m"PortOperation"[0m[37m.[0m[37m"train_departure_time"[0m [94mAS[0m [37m"PortOperation_train_departure_time"[0m[37m,[0m [37m"PortOperation"[0m[37m.[0m[37m"rail_last_free_date"[0m [94mAS[0m [37m"PortOperation_rail_last_free_date"[0m[37m,[0m [37m"PortOperation"[0m[37m.[0m[37m"last_free_date_invalid"[0m [94mAS[0m [37m"PortOperation_last_free_date_invalid"[0m[37m,[0m [37m"PortOperation"[0m[37m.[0m[37m"last_free_date_remark"[0m [94mAS[0m [37m"PortOperation_last_free_date_remark"[0m[37m,[0m [37m"PortOperation"[0m[37m.[0m[37m"free_storage_days"[0m [94mAS[0m [37m"PortOperation_free_storage_days"[0m[37m,[0m [37m"PortOperation"[0m[37m.[0m[37m"free_detention_days"[0m [94mAS[0m [37m"PortOperation_free_detention_days"[0m[37m,[0m [37m"PortOperation"[0m[37m.[0m[37m"free_off_terminal_days"[0m [94mAS[0m [37m"PortOperation_free_off_terminal_days"[0m[37m,[0m [37m"PortOperation"[0m[37m.[0m[37m"status_code"[0m [94mAS[0m [37m"PortOperation_status_code"[0m[37m,[0m [37m"PortOperation"[0m[37m.[0m[37m"status_occurred_at"[0m [94mAS[0m [37m"PortOperation_status_occurred_at"[0m[37m,[0m [37m"PortOperation"[0m[37m.[0m[37m"has_occurred"[0m [94mAS[0m [37m"PortOperation_has_occurred"[0m[37m,[0m [37m"PortOperation"[0m[37m.[0m[37m"location_name_en"[0m [94mAS[0m [37m"PortOperation_location_name_en"[0m[37m,[0m [37m"PortOperation"[0m[37m.[0m[37m"location_name_cn"[0m [94mAS[0m [37m"PortOperation_location_name_cn"[0m[37m,[0m [37m"PortOperation"[0m[37m.[0m[37m"location_type"[0m [94mAS[0m [37m"PortOperation_location_type"[0m[37m,[0m [37m"PortOperation"[0m[37m.[0m[37m"latitude"[0m [94mAS[0m [37m"PortOperation_latitude"[0m[37m,[0m [37m"PortOperation"[0m[37m.[0m[37m"longitude"[0m [94mAS[0m [37m"PortOperation_longitude"[0m[37m,[0m [37m"PortOperation"[0m[37m.[0m[37m"timezone"[0m [94mAS[0m [37m"PortOperation_timezone"[0m[37m,[0m [37m"PortOperation"[0m[37m.[0m[37m"data_source"[0m [94mAS[0m [37m"PortOperation_data_source"[0m[37m,[0m [37m"PortOperation"[0m[37m.[0m[37m"cargo_location"[0m [94mAS[0m [37m"PortOperation_cargo_location"[0m[37m,[0m [37m"PortOperation"[0m[37m.[0m[37m"remarks"[0m [94mAS[0m [37m"PortOperation_remarks"[0m[37m,[0m [37m"PortOperation"[0m[37m.[0m[37m"created_at"[0m [94mAS[0m [37m"PortOperation_created_at"[0m[37m,[0m [37m"PortOperation"[0m[37m.[0m[37m"updated_at"[0m [94mAS[0m [37m"PortOperation_updated_at"[0m [94mFROM[0m [37m"process_port_operations"[0m [37m"PortOperation"[0m [94mWHERE[0m [37m([0m[37m([0m[37m"PortOperation"[0m[37m.[0m[37m"container_number"[0m [37m=[0m [37m$[0m[32m1[0m[37m)[0m[37m)[0m [90m-- PARAMETERS: ["GAOU6195045"][0m
[90m[4mquery:[24m[39m [94mSELECT[0m [37m"TruckingTransport"[0m[37m.[0m[37m"container_number"[0m [94mAS[0m [37m"TruckingTransport_container_number"[0m[37m,[0m [37m"TruckingTransport"[0m[37m.[0m[37m"trucking_type"[0m [94mAS[0m [37m"TruckingTransport_trucking_type"[0m[37m,[0m [37m"TruckingTransport"[0m[37m.[0m[37m"is_pre_pickup"[0m [94mAS[0m [37m"TruckingTransport_is_pre_pickup"[0m[37m,[0m [37m"TruckingTransport"[0m[37m.[0m[37m"trucking_company_id"[0m [94mAS[0m [37m"TruckingTransport_trucking_company_id"[0m[37m,[0m [37m"TruckingTransport"[0m[37m.[0m[37m"pickup_notification"[0m [94mAS[0m [37m"TruckingTransport_pickup_notification"[0m[37m,[0m [37m"TruckingTransport"[0m[37m.[0m[37m"carrier_company"[0m [94mAS[0m [37m"TruckingTransport_carrier_company"[0m[37m,[0m [37m"TruckingTransport"[0m[37m.[0m[37m"last_pickup_date"[0m [94mAS[0m [37m"TruckingTransport_last_pickup_date"[0m[37m,[0m [37m"TruckingTransport"[0m[37m.[0m[37m"planned_pickup_date"[0m [94mAS[0m [37m"TruckingTransport_planned_pickup_date"[0m[37m,[0m [37m"TruckingTransport"[0m[37m.[0m[37m"pickup_date"[0m [94mAS[0m [37m"TruckingTransport_pickup_date"[0m[37m,[0m [37m"TruckingTransport"[0m[37m.[0m[37m"pickup_date_source"[0m [94mAS[0m [37m"TruckingTransport_pickup_date_source"[0m[37m,[0m [37m"TruckingTransport"[0m[37m.[0m[37m"last_delivery_date"[0m [94mAS[0m [37m"TruckingTransport_last_delivery_date"[0m[37m,[0m [37m"TruckingTransport"[0m[37m.[0m[37m"planned_delivery_date"[0m [94mAS[0m [37m"TruckingTransport_planned_delivery_date"[0m[37m,[0m [37m"TruckingTransport"[0m[37m.[0m[37m"delivery_date"[0m [94mAS[0m [37m"TruckingTransport_delivery_date"[0m[37m,[0m [37m"TruckingTransport"[0m[37m.[0m[37m"unload_mode_plan"[0m [94mAS[0m [37m"TruckingTransport_unload_mode_plan"[0m[37m,[0m [37m"TruckingTransport"[0m[37m.[0m[37m"driver_name"[0m [94mAS[0m [37m"TruckingTransport_driver_name"[0m[37m,[0m [37m"TruckingTransport"[0m[37m.[0m[37m"driver_phone"[0m [94mAS[0m [37m"TruckingTransport_driver_phone"[0m[37m,[0m [37m"TruckingTransport"[0m[37m.[0m[37m"truck_plate"[0m [94mAS[0m [37m"TruckingTransport_truck_plate"[0m[37m,[0m [37m"TruckingTransport"[0m[37m.[0m[37m"pickup_location"[0m [94mAS[0m [37m"TruckingTransport_pickup_location"[0m[37m,[0m [37m"TruckingTransport"[0m[37m.[0m[37m"delivery_location"[0m [94mAS[0m [37m"TruckingTransport_delivery_location"[0m[37m,[0m [37m"TruckingTransport"[0m[37m.[0m[37m"distance_km"[0m [94mAS[0m [37m"TruckingTransport_distance_km"[0m[37m,[0m [37m"TruckingTransport"[0m[37m.[0m[37m"cost"[0m [94mAS[0m [37m"TruckingTransport_cost"[0m[37m,[0m [37m"TruckingTransport"[0m[37m.[0m[37m"schedule_status"[0m [94mAS[0m [37m"TruckingTransport_schedule_status"[0m[37m,[0m [37m"TruckingTransport"[0m[37m.[0m[37m"remarks"[0m [94mAS[0m [37m"TruckingTransport_remarks"[0m[37m,[0m [37m"TruckingTransport"[0m[37m.[0m[37m"created_at"[0m [94mAS[0m [37m"TruckingTransport_created_at"[0m[37m,[0m [37m"TruckingTransport"[0m[37m.[0m[37m"updated_at"[0m [94mAS[0m [37m"TruckingTransport_updated_at"[0m [94mFROM[0m [37m"process_trucking_transport"[0m [37m"TruckingTransport"[0m [94mWHERE[0m [37m([0m[37m([0m[37m"TruckingTransport"[0m[37m.[0m[37m"container_number"[0m [37m=[0m [37m$[0m[32m1[0m[37m)[0m[37m)[0m [90m-- PARAMETERS: ["GAOU6195045"][0m
[90m[4mquery:[24m[39m [94mSELECT[0m [37m"WarehouseOperation"[0m[37m.[0m[37m"container_number"[0m [94mAS[0m [37m"WarehouseOperation_container_number"[0m[37m,[0m [37m"WarehouseOperation"[0m[37m.[0m[37m"operation_type"[0m [94mAS[0m [37m"WarehouseOperation_operation_type"[0m[37m,[0m [37m"WarehouseOperation"[0m[37m.[0m[37m"warehouse_id"[0m [94mAS[0m [37m"WarehouseOperation_warehouse_id"[0m[37m,[0m [37m"WarehouseOperation"[0m[37m.[0m[37m"planned_warehouse"[0m [94mAS[0m [37m"WarehouseOperation_planned_warehouse"[0m[37m,[0m [37m"WarehouseOperation"[0m[37m.[0m[37m"actual_warehouse"[0m [94mAS[0m [37m"WarehouseOperation_actual_warehouse"[0m[37m,[0m [37m"WarehouseOperation"[0m[37m.[0m[37m"warehouse_group"[0m [94mAS[0m [37m"WarehouseOperation_warehouse_group"[0m[37m,[0m [37m"WarehouseOperation"[0m[37m.[0m[37m"warehouse_arrival_date"[0m [94mAS[0m [37m"WarehouseOperation_warehouse_arrival_date"[0m[37m,[0m [37m"WarehouseOperation"[0m[37m.[0m[37m"unload_mode_actual"[0m [94mAS[0m [37m"WarehouseOperation_unload_mode_actual"[0m[37m,[0m [37m"WarehouseOperation"[0m[37m.[0m[37m"last_unload_date"[0m [94mAS[0m [37m"WarehouseOperation_last_unload_date"[0m[37m,[0m [37m"WarehouseOperation"[0m[37m.[0m[37m"planned_unload_date"[0m [94mAS[0m [37m"WarehouseOperation_planned_unload_date"[0m[37m,[0m [37m"WarehouseOperation"[0m[37m.[0m[37m"unload_date"[0m [94mAS[0m [37m"WarehouseOperation_unload_date"[0m[37m,[0m [37m"WarehouseOperation"[0m[37m.[0m[37m"wms_status"[0m [94mAS[0m [37m"WarehouseOperation_wms_status"[0m[37m,[0m [37m"WarehouseOperation"[0m[37m.[0m[37m"ebs_status"[0m [94mAS[0m [37m"WarehouseOperation_ebs_status"[0m[37m,[0m [37m"WarehouseOperation"[0m[37m.[0m[37m"wms_confirm_date"[0m [94mAS[0m [37m"WarehouseOperation_wms_confirm_date"[0m[37m,[0m [37m"WarehouseOperation"[0m[37m.[0m[37m"unload_gate"[0m [94mAS[0m [37m"WarehouseOperation_unload_gate"[0m[37m,[0m [37m"WarehouseOperation"[0m[37m.[0m[37m"unload_company"[0m [94mAS[0m [37m"WarehouseOperation_unload_company"[0m[37m,[0m [37m"WarehouseOperation"[0m[37m.[0m[37m"notification_pickup_date"[0m [94mAS[0m [37m"WarehouseOperation_notification_pickup_date"[0m[37m,[0m [37m"WarehouseOperation"[0m[37m.[0m[37m"pickup_time"[0m [94mAS[0m [37m"WarehouseOperation_pickup_time"[0m[37m,[0m [37m"WarehouseOperation"[0m[37m.[0m[37m"warehouse_remarks"[0m [94mAS[0m [37m"WarehouseOperation_warehouse_remarks"[0m[37m,[0m [37m"WarehouseOperation"[0m[37m.[0m[37m"gate_in_time"[0m [94mAS[0m [37m"WarehouseOperation_gate_in_time"[0m[37m,[0m [37m"WarehouseOperation"[0m[37m.[0m[37m"gate_out_time"[0m [94mAS[0m [37m"WarehouseOperation_gate_out_time"[0m[37m,[0m [37m"WarehouseOperation"[0m[37m.[0m[37m"storage_start_date"[0m [94mAS[0m [37m"WarehouseOperation_storage_start_date"[0m[37m,[0m [37m"WarehouseOperation"[0m[37m.[0m[37m"storage_end_date"[0m [94mAS[0m [37m"WarehouseOperation_storage_end_date"[0m[37m,[0m [37m"WarehouseOperation"[0m[37m.[0m[37m"is_unboxing"[0m [94mAS[0m [37m"WarehouseOperation_is_unboxing"[0m[37m,[0m [37m"WarehouseOperation"[0m[37m.[0m[37m"unboxing_time"[0m [94mAS[0m [37m"WarehouseOperation_unboxing_time"[0m[37m,[0m [37m"WarehouseOperation"[0m[37m.[0m[37m"cargo_received_by"[0m [94mAS[0m [37m"WarehouseOperation_cargo_received_by"[0m[37m,[0m [37m"WarehouseOperation"[0m[37m.[0m[37m"cargo_delivered_to"[0m [94mAS[0m [37m"WarehouseOperation_cargo_delivered_to"[0m[37m,[0m [37m"WarehouseOperation"[0m[37m.[0m[37m"remarks"[0m [94mAS[0m [37m"WarehouseOperation_remarks"[0m[37m,[0m [37m"WarehouseOperation"[0m[37m.[0m[37m"created_at"[0m [94mAS[0m [37m"WarehouseOperation_created_at"[0m[37m,[0m [37m"WarehouseOperation"[0m[37m.[0m[37m"updated_at"[0m [94mAS[0m [37m"WarehouseOperation_updated_at"[0m [94mFROM[0m [37m"process_warehouse_operations"[0m [37m"WarehouseOperation"[0m [94mWHERE[0m [37m([0m[37m([0m[37m"WarehouseOperation"[0m[37m.[0m[37m"container_number"[0m [37m=[0m [37m$[0m[32m1[0m[37m)[0m[37m)[0m [90m-- PARAMETERS: ["GAOU6195045"][0m
[90m[4mquery:[24m[39m [94mSELECT[0m [37m"EmptyReturn"[0m[37m.[0m[37m"container_number"[0m [94mAS[0m [37m"EmptyReturn_container_number"[0m[37m,[0m [37m"EmptyReturn"[0m[37m.[0m[37m"last_return_date"[0m [94mAS[0m [37m"EmptyReturn_last_return_date"[0m[37m,[0m [37m"EmptyReturn"[0m[37m.[0m[37m"planned_return_date"[0m [94mAS[0m [37m"EmptyReturn_planned_return_date"[0m[37m,[0m [37m"EmptyReturn"[0m[37m.[0m[37m"return_time"[0m [94mAS[0m [37m"EmptyReturn_return_time"[0m[37m,[0m [37m"EmptyReturn"[0m[37m.[0m[37m"notification_return_date"[0m [94mAS[0m [37m"EmptyReturn_notification_return_date"[0m[37m,[0m [37m"EmptyReturn"[0m[37m.[0m[37m"notification_return_time"[0m [94mAS[0m [37m"EmptyReturn_notification_return_time"[0m[37m,[0m [37m"EmptyReturn"[0m[37m.[0m[37m"return_terminal_code"[0m [94mAS[0m [37m"EmptyReturn_return_terminal_code"[0m[37m,[0m [37m"EmptyReturn"[0m[37m.[0m[37m"return_terminal_name"[0m [94mAS[0m [37m"EmptyReturn_return_terminal_name"[0m[37m,[0m [37m"EmptyReturn"[0m[37m.[0m[37m"container_condition"[0m [94mAS[0m [37m"EmptyReturn_container_condition"[0m[37m,[0m [37m"EmptyReturn"[0m[37m.[0m[37m"return_remarks"[0m [94mAS[0m [37m"EmptyReturn_return_remarks"[0m[37m,[0m [37m"EmptyReturn"[0m[37m.[0m[37m"created_at"[0m [94mAS[0m [37m"EmptyReturn_created_at"[0m[37m,[0m [37m"EmptyReturn"[0m[37m.[0m[37m"updated_at"[0m [94mAS[0m [37m"EmptyReturn_updated_at"[0m [94mFROM[0m [37m"process_empty_return"[0m [37m"EmptyReturn"[0m [94mWHERE[0m [37m([0m[37m([0m[37m"EmptyReturn"[0m[37m.[0m[37m"container_number"[0m [37m=[0m [37m$[0m[32m1[0m[37m)[0m[37m)[0m [90m-- PARAMETERS: ["GAOU6195045"][0m
馃搳 鍚庣 gantt-v3 璁＄畻缁撴灉:
  Phase: 1 (娓呭叧闃舵)
  Rule Version: gantt-v3
  娓呭叧: taskRole=main, completed=false
  鎻愭煖: taskRole=none, completed=false
  鍗告煖: taskRole=none, completed=false
  杩樼: taskRole=none, completed=false

馃帹 鍓嶇 calculateNodeStatus 璁＄畻缁撴灉:
  娓呭叧: status=completed, supplier=鏈寚瀹?  鎻愭煖: status=completed, supplier=RT_LOGISTICA_SRL_
  鍗告煖: status=active, supplier=IT-S002
  杩樼: status=pending, supplier=鏈寚瀹?
馃搵 鏁版嵁婧愭鏌?
  鐩殑娓?actualCustomsDate: 鉂?鏃?  鎻愭煖 deliveryDate: 鉂?鏃?  鎻愭煖 pickupDate: 鉁?鏈?  鍗告煖 unloadDate: 鉂?鏃?  杩樼 returnTime: 鉂?鏃?
馃攳 瀵规瘮鍒嗘瀽:
  娓呭叧鑺傜偣:
    棰勬湡: 閿€姣?(none/completed)
    鍚庣: 鉂?閿欒 (taskRole=main)
    鍓嶇: 鉁?姝ｇ‘ (status=completed)

  鉂?娴嬭瘯澶辫触
     鍘熷洜: customsShouldBeNone=true, backendCustoms.taskRole=main, frontendNodes.娓呭叧.status=completed


銆愯揣鏌?KOCU5129260銆?鈹€鈹€鈹€鈹€鈹€鈹€鈹€鈹€鈹€鈹€鈹€鈹€鈹€鈹€鈹€鈹€鈹€鈹€鈹€鈹€鈹€鈹€鈹€鈹€鈹€鈹€鈹€鈹€鈹€鈹€鈹€鈹€鈹€鈹€鈹€鈹€鈹€鈹€鈹€鈹€鈹€鈹€鈹€鈹€鈹€鈹€鈹€鈹€鈹€鈹€鈹€鈹€鈹€鈹€鈹€鈹€鈹€鈹€鈹€鈹€
[90m[4mquery:[24m[39m [94mSELECT[0m [37m"Container"[0m[37m.[0m[37m"container_number"[0m [94mAS[0m [37m"Container_container_number"[0m[37m,[0m [37m"Container"[0m[37m.[0m[37m"container_type_code"[0m [94mAS[0m [37m"Container_container_type_code"[0m[37m,[0m [37m"Container"[0m[37m.[0m[37m"cargo_description"[0m [94mAS[0m [37m"Container_cargo_description"[0m[37m,[0m [37m"Container"[0m[37m.[0m[37m"gross_weight"[0m [94mAS[0m [37m"Container_gross_weight"[0m[37m,[0m [37m"Container"[0m[37m.[0m[37m"net_weight"[0m [94mAS[0m [37m"Container_net_weight"[0m[37m,[0m [37m"Container"[0m[37m.[0m[37m"cbm"[0m [94mAS[0m [37m"Container_cbm"[0m[37m,[0m [37m"Container"[0m[37m.[0m[37m"packages"[0m [94mAS[0m [37m"Container_packages"[0m[37m,[0m [37m"Container"[0m[37m.[0m[37m"seal_number"[0m [94mAS[0m [37m"Container_seal_number"[0m[37m,[0m [37m"Container"[0m[37m.[0m[37m"inspection_required"[0m [94mAS[0m [37m"Container_inspection_required"[0m[37m,[0m [37m"Container"[0m[37m.[0m[37m"is_unboxing"[0m [94mAS[0m [37m"Container_is_unboxing"[0m[37m,[0m [37m"Container"[0m[37m.[0m[37m"logistics_status"[0m [94mAS[0m [37m"Container_logistics_status"[0m[37m,[0m [37m"Container"[0m[37m.[0m[37m"gantt_derived"[0m [94mAS[0m [37m"Container_gantt_derived"[0m[37m,[0m [37m"Container"[0m[37m.[0m[37m"schedule_status"[0m [94mAS[0m [37m"Container_schedule_status"[0m[37m,[0m [37m"Container"[0m[37m.[0m[37m"remarks"[0m [94mAS[0m [37m"Container_remarks"[0m[37m,[0m [37m"Container"[0m[37m.[0m[37m"requires_pallet"[0m [94mAS[0m [37m"Container_requires_pallet"[0m[37m,[0m [37m"Container"[0m[37m.[0m[37m"requires_assembly"[0m [94mAS[0m [37m"Container_requires_assembly"[0m[37m,[0m [37m"Container"[0m[37m.[0m[37m"container_size"[0m [94mAS[0m [37m"Container_container_size"[0m[37m,[0m [37m"Container"[0m[37m.[0m[37m"is_rolled"[0m [94mAS[0m [37m"Container_is_rolled"[0m[37m,[0m [37m"Container"[0m[37m.[0m[37m"operator"[0m [94mAS[0m [37m"Container_operator"[0m[37m,[0m [37m"Container"[0m[37m.[0m[37m"container_holder"[0m [94mAS[0m [37m"Container_container_holder"[0m[37m,[0m [37m"Container"[0m[37m.[0m[37m"tare_weight"[0m [94mAS[0m [37m"Container_tare_weight"[0m[37m,[0m [37m"Container"[0m[37m.[0m[37m"total_weight"[0m [94mAS[0m [37m"Container_total_weight"[0m[37m,[0m [37m"Container"[0m[37m.[0m[37m"over_length"[0m [94mAS[0m [37m"Container_over_length"[0m[37m,[0m [37m"Container"[0m[37m.[0m[37m"over_height"[0m [94mAS[0m [37m"Container_over_height"[0m[37m,[0m [37m"Container"[0m[37m.[0m[37m"danger_class"[0m [94mAS[0m [37m"Container_danger_class"[0m[37m,[0m [37m"Container"[0m[37m.[0m[37m"current_status_desc_cn"[0m [94mAS[0m [37m"Container_current_status_desc_cn"[0m[37m,[0m [37m"Container"[0m[37m.[0m[37m"current_status_desc_en"[0m [94mAS[0m [37m"Container_current_status_desc_en"[0m[37m,[0m [37m"Container"[0m[37m.[0m[37m"bill_of_lading_number"[0m [94mAS[0m [37m"Container_bill_of_lading_number"[0m[37m,[0m [37m"Container"[0m[37m.[0m[37m"created_at"[0m [94mAS[0m [37m"Container_created_at"[0m[37m,[0m [37m"Container"[0m[37m.[0m[37m"updated_at"[0m [94mAS[0m [37m"Container_updated_at"[0m [94mFROM[0m [37m"biz_containers"[0m [37m"Container"[0m [94mWHERE[0m [37m([0m[37m([0m[37m"Container"[0m[37m.[0m[37m"container_number"[0m [37m=[0m [37m$[0m[32m1[0m[37m)[0m[37m)[0m [94mLIMIT[0m [32m1[0m [90m-- PARAMETERS: ["KOCU5129260"][0m
[90m[4mquery:[24m[39m [94mSELECT[0m [37m"PortOperation"[0m[37m.[0m[37m"id"[0m [94mAS[0m [37m"PortOperation_id"[0m[37m,[0m [37m"PortOperation"[0m[37m.[0m[37m"container_number"[0m [94mAS[0m [37m"PortOperation_container_number"[0m[37m,[0m [37m"PortOperation"[0m[37m.[0m[37m"port_type"[0m [94mAS[0m [37m"PortOperation_port_type"[0m[37m,[0m [37m"PortOperation"[0m[37m.[0m[37m"port_code"[0m [94mAS[0m [37m"PortOperation_port_code"[0m[37m,[0m [37m"PortOperation"[0m[37m.[0m[37m"port_name"[0m [94mAS[0m [37m"PortOperation_port_name"[0m[37m,[0m [37m"PortOperation"[0m[37m.[0m[37m"port_sequence"[0m [94mAS[0m [37m"PortOperation_port_sequence"[0m[37m,[0m [37m"PortOperation"[0m[37m.[0m[37m"eta"[0m [94mAS[0m [37m"PortOperation_eta"[0m[37m,[0m [37m"PortOperation"[0m[37m.[0m[37m"ata"[0m [94mAS[0m [37m"PortOperation_ata"[0m[37m,[0m [37m"PortOperation"[0m[37m.[0m[37m"revised_eta"[0m [94mAS[0m [37m"PortOperation_revised_eta"[0m[37m,[0m [37m"PortOperation"[0m[37m.[0m[37m"eta_correction"[0m [94mAS[0m [37m"PortOperation_eta_correction"[0m[37m,[0m [37m"PortOperation"[0m[37m.[0m[37m"discharged_time"[0m [94mAS[0m [37m"PortOperation_discharged_time"[0m[37m,[0m [37m"PortOperation"[0m[37m.[0m[37m"dest_port_unload_date"[0m [94mAS[0m [37m"PortOperation_dest_port_unload_date"[0m[37m,[0m [37m"PortOperation"[0m[37m.[0m[37m"etd"[0m [94mAS[0m [37m"PortOperation_etd"[0m[37m,[0m [37m"PortOperation"[0m[37m.[0m[37m"atd"[0m [94mAS[0m [37m"PortOperation_atd"[0m[37m,[0m [37m"PortOperation"[0m[37m.[0m[37m"transit_arrival_date"[0m [94mAS[0m [37m"PortOperation_transit_arrival_date"[0m[37m,[0m [37m"PortOperation"[0m[37m.[0m[37m"gate_in_time"[0m [94mAS[0m [37m"PortOperation_gate_in_time"[0m[37m,[0m [37m"PortOperation"[0m[37m.[0m[37m"gate_out_time"[0m [94mAS[0m [37m"PortOperation_gate_out_time"[0m[37m,[0m [37m"PortOperation"[0m[37m.[0m[37m"available_time"[0m [94mAS[0m [37m"PortOperation_available_time"[0m[37m,[0m [37m"PortOperation"[0m[37m.[0m[37m"customs_status"[0m [94mAS[0m [37m"PortOperation_customs_status"[0m[37m,[0m [37m"PortOperation"[0m[37m.[0m[37m"isf_status"[0m [94mAS[0m [37m"PortOperation_isf_status"[0m[37m,[0m [37m"PortOperation"[0m[37m.[0m[37m"last_free_date"[0m [94mAS[0m [37m"PortOperation_last_free_date"[0m[37m,[0m [37m"PortOperation"[0m[37m.[0m[37m"last_free_date_mode"[0m [94mAS[0m [37m"PortOperation_last_free_date_mode"[0m[37m,[0m [37m"PortOperation"[0m[37m.[0m[37m"last_free_date_source"[0m [94mAS[0m [37m"PortOperation_last_free_date_source"[0m[37m,[0m [37m"PortOperation"[0m[37m.[0m[37m"gate_in_terminal"[0m [94mAS[0m [37m"PortOperation_gate_in_terminal"[0m[37m,[0m [37m"PortOperation"[0m[37m.[0m[37m"gate_out_terminal"[0m [94mAS[0m [37m"PortOperation_gate_out_terminal"[0m[37m,[0m [37m"PortOperation"[0m[37m.[0m[37m"berth_position"[0m [94mAS[0m [37m"PortOperation_berth_position"[0m[37m,[0m [37m"PortOperation"[0m[37m.[0m[37m"planned_customs_date"[0m [94mAS[0m [37m"PortOperation_planned_customs_date"[0m[37m,[0m [37m"PortOperation"[0m[37m.[0m[37m"actual_customs_date"[0m [94mAS[0m [37m"PortOperation_actual_customs_date"[0m[37m,[0m [37m"PortOperation"[0m[37m.[0m[37m"customs_broker_code"[0m [94mAS[0m [37m"PortOperation_customs_broker_code"[0m[37m,[0m [37m"PortOperation"[0m[37m.[0m[37m"document_status"[0m [94mAS[0m [37m"PortOperation_document_status"[0m[37m,[0m [37m"PortOperation"[0m[37m.[0m[37m"all_generated_date"[0m [94mAS[0m [37m"PortOperation_all_generated_date"[0m[37m,[0m [37m"PortOperation"[0m[37m.[0m[37m"customs_remarks"[0m [94mAS[0m [37m"PortOperation_customs_remarks"[0m[37m,[0m [37m"PortOperation"[0m[37m.[0m[37m"isf_declaration_date"[0m [94mAS[0m [37m"PortOperation_isf_declaration_date"[0m[37m,[0m [37m"PortOperation"[0m[37m.[0m[37m"document_transfer_date"[0m [94mAS[0m [37m"PortOperation_document_transfer_date"[0m[37m,[0m [37m"PortOperation"[0m[37m.[0m[37m"manifest_release_date"[0m [94mAS[0m [37m"PortOperation_manifest_release_date"[0m[37m,[0m [37m"PortOperation"[0m[37m.[0m[37m"document_cutoff_date"[0m [94mAS[0m [37m"PortOperation_document_cutoff_date"[0m[37m,[0m [37m"PortOperation"[0m[37m.[0m[37m"customs_cutoff_date"[0m [94mAS[0m [37m"PortOperation_customs_cutoff_date"[0m[37m,[0m [37m"PortOperation"[0m[37m.[0m[37m"customs_hold_date"[0m [94mAS[0m [37m"PortOperation_customs_hold_date"[0m[37m,[0m [37m"PortOperation"[0m[37m.[0m[37m"carrier_hold_date"[0m [94mAS[0m [37m"PortOperation_carrier_hold_date"[0m[37m,[0m [37m"PortOperation"[0m[37m.[0m[37m"terminal_hold_date"[0m [94mAS[0m [37m"PortOperation_terminal_hold_date"[0m[37m,[0m [37m"PortOperation"[0m[37m.[0m[37m"customs_release_date"[0m [94mAS[0m [37m"PortOperation_customs_release_date"[0m[37m,[0m [37m"PortOperation"[0m[37m.[0m[37m"terminal_release_date"[0m [94mAS[0m [37m"PortOperation_terminal_release_date"[0m[37m,[0m [37m"PortOperation"[0m[37m.[0m[37m"port_open_date"[0m [94mAS[0m [37m"PortOperation_port_open_date"[0m[37m,[0m [37m"PortOperation"[0m[37m.[0m[37m"port_close_date"[0m [94mAS[0m [37m"PortOperation_port_close_date"[0m[37m,[0m [37m"PortOperation"[0m[37m.[0m[37m"train_arrival_date"[0m [94mAS[0m [37m"PortOperation_train_arrival_date"[0m[37m,[0m [37m"PortOperation"[0m[37m.[0m[37m"train_discharge_date"[0m [94mAS[0m [37m"PortOperation_train_discharge_date"[0m[37m,[0m [37m"PortOperation"[0m[37m.[0m[37m"train_departure_time"[0m [94mAS[0m [37m"PortOperation_train_departure_time"[0m[37m,[0m [37m"PortOperation"[0m[37m.[0m[37m"rail_last_free_date"[0m [94mAS[0m [37m"PortOperation_rail_last_free_date"[0m[37m,[0m [37m"PortOperation"[0m[37m.[0m[37m"last_free_date_invalid"[0m [94mAS[0m [37m"PortOperation_last_free_date_invalid"[0m[37m,[0m [37m"PortOperation"[0m[37m.[0m[37m"last_free_date_remark"[0m [94mAS[0m [37m"PortOperation_last_free_date_remark"[0m[37m,[0m [37m"PortOperation"[0m[37m.[0m[37m"free_storage_days"[0m [94mAS[0m [37m"PortOperation_free_storage_days"[0m[37m,[0m [37m"PortOperation"[0m[37m.[0m[37m"free_detention_days"[0m [94mAS[0m [37m"PortOperation_free_detention_days"[0m[37m,[0m [37m"PortOperation"[0m[37m.[0m[37m"free_off_terminal_days"[0m [94mAS[0m [37m"PortOperation_free_off_terminal_days"[0m[37m,[0m [37m"PortOperation"[0m[37m.[0m[37m"status_code"[0m [94mAS[0m [37m"PortOperation_status_code"[0m[37m,[0m [37m"PortOperation"[0m[37m.[0m[37m"status_occurred_at"[0m [94mAS[0m [37m"PortOperation_status_occurred_at"[0m[37m,[0m [37m"PortOperation"[0m[37m.[0m[37m"has_occurred"[0m [94mAS[0m [37m"PortOperation_has_occurred"[0m[37m,[0m [37m"PortOperation"[0m[37m.[0m[37m"location_name_en"[0m [94mAS[0m [37m"PortOperation_location_name_en"[0m[37m,[0m [37m"PortOperation"[0m[37m.[0m[37m"location_name_cn"[0m [94mAS[0m [37m"PortOperation_location_name_cn"[0m[37m,[0m [37m"PortOperation"[0m[37m.[0m[37m"location_type"[0m [94mAS[0m [37m"PortOperation_location_type"[0m[37m,[0m [37m"PortOperation"[0m[37m.[0m[37m"latitude"[0m [94mAS[0m [37m"PortOperation_latitude"[0m[37m,[0m [37m"PortOperation"[0m[37m.[0m[37m"longitude"[0m [94mAS[0m [37m"PortOperation_longitude"[0m[37m,[0m [37m"PortOperation"[0m[37m.[0m[37m"timezone"[0m [94mAS[0m [37m"PortOperation_timezone"[0m[37m,[0m [37m"PortOperation"[0m[37m.[0m[37m"data_source"[0m [94mAS[0m [37m"PortOperation_data_source"[0m[37m,[0m [37m"PortOperation"[0m[37m.[0m[37m"cargo_location"[0m [94mAS[0m [37m"PortOperation_cargo_location"[0m[37m,[0m [37m"PortOperation"[0m[37m.[0m[37m"remarks"[0m [94mAS[0m [37m"PortOperation_remarks"[0m[37m,[0m [37m"PortOperation"[0m[37m.[0m[37m"created_at"[0m [94mAS[0m [37m"PortOperation_created_at"[0m[37m,[0m [37m"PortOperation"[0m[37m.[0m[37m"updated_at"[0m [94mAS[0m [37m"PortOperation_updated_at"[0m [94mFROM[0m [37m"process_port_operations"[0m [37m"PortOperation"[0m [94mWHERE[0m [37m([0m[37m([0m[37m"PortOperation"[0m[37m.[0m[37m"container_number"[0m [37m=[0m [37m$[0m[32m1[0m[37m)[0m[37m)[0m [90m-- PARAMETERS: ["KOCU5129260"][0m
[90m[4mquery:[24m[39m [94mSELECT[0m [37m"TruckingTransport"[0m[37m.[0m[37m"container_number"[0m [94mAS[0m [37m"TruckingTransport_container_number"[0m[37m,[0m [37m"TruckingTransport"[0m[37m.[0m[37m"trucking_type"[0m [94mAS[0m [37m"TruckingTransport_trucking_type"[0m[37m,[0m [37m"TruckingTransport"[0m[37m.[0m[37m"is_pre_pickup"[0m [94mAS[0m [37m"TruckingTransport_is_pre_pickup"[0m[37m,[0m [37m"TruckingTransport"[0m[37m.[0m[37m"trucking_company_id"[0m [94mAS[0m [37m"TruckingTransport_trucking_company_id"[0m[37m,[0m [37m"TruckingTransport"[0m[37m.[0m[37m"pickup_notification"[0m [94mAS[0m [37m"TruckingTransport_pickup_notification"[0m[37m,[0m [37m"TruckingTransport"[0m[37m.[0m[37m"carrier_company"[0m [94mAS[0m [37m"TruckingTransport_carrier_company"[0m[37m,[0m [37m"TruckingTransport"[0m[37m.[0m[37m"last_pickup_date"[0m [94mAS[0m [37m"TruckingTransport_last_pickup_date"[0m[37m,[0m [37m"TruckingTransport"[0m[37m.[0m[37m"planned_pickup_date"[0m [94mAS[0m [37m"TruckingTransport_planned_pickup_date"[0m[37m,[0m [37m"TruckingTransport"[0m[37m.[0m[37m"pickup_date"[0m [94mAS[0m [37m"TruckingTransport_pickup_date"[0m[37m,[0m [37m"TruckingTransport"[0m[37m.[0m[37m"pickup_date_source"[0m [94mAS[0m [37m"TruckingTransport_pickup_date_source"[0m[37m,[0m [37m"TruckingTransport"[0m[37m.[0m[37m"last_delivery_date"[0m [94mAS[0m [37m"TruckingTransport_last_delivery_date"[0m[37m,[0m [37m"TruckingTransport"[0m[37m.[0m[37m"planned_delivery_date"[0m [94mAS[0m [37m"TruckingTransport_planned_delivery_date"[0m[37m,[0m [37m"TruckingTransport"[0m[37m.[0m[37m"delivery_date"[0m [94mAS[0m [37m"TruckingTransport_delivery_date"[0m[37m,[0m [37m"TruckingTransport"[0m[37m.[0m[37m"unload_mode_plan"[0m [94mAS[0m [37m"TruckingTransport_unload_mode_plan"[0m[37m,[0m [37m"TruckingTransport"[0m[37m.[0m[37m"driver_name"[0m [94mAS[0m [37m"TruckingTransport_driver_name"[0m[37m,[0m [37m"TruckingTransport"[0m[37m.[0m[37m"driver_phone"[0m [94mAS[0m [37m"TruckingTransport_driver_phone"[0m[37m,[0m [37m"TruckingTransport"[0m[37m.[0m[37m"truck_plate"[0m [94mAS[0m [37m"TruckingTransport_truck_plate"[0m[37m,[0m [37m"TruckingTransport"[0m[37m.[0m[37m"pickup_location"[0m [94mAS[0m [37m"TruckingTransport_pickup_location"[0m[37m,[0m [37m"TruckingTransport"[0m[37m.[0m[37m"delivery_location"[0m [94mAS[0m [37m"TruckingTransport_delivery_location"[0m[37m,[0m [37m"TruckingTransport"[0m[37m.[0m[37m"distance_km"[0m [94mAS[0m [37m"TruckingTransport_distance_km"[0m[37m,[0m [37m"TruckingTransport"[0m[37m.[0m[37m"cost"[0m [94mAS[0m [37m"TruckingTransport_cost"[0m[37m,[0m [37m"TruckingTransport"[0m[37m.[0m[37m"schedule_status"[0m [94mAS[0m [37m"TruckingTransport_schedule_status"[0m[37m,[0m [37m"TruckingTransport"[0m[37m.[0m[37m"remarks"[0m [94mAS[0m [37m"TruckingTransport_remarks"[0m[37m,[0m [37m"TruckingTransport"[0m[37m.[0m[37m"created_at"[0m [94mAS[0m [37m"TruckingTransport_created_at"[0m[37m,[0m [37m"TruckingTransport"[0m[37m.[0m[37m"updated_at"[0m [94mAS[0m [37m"TruckingTransport_updated_at"[0m [94mFROM[0m [37m"process_trucking_transport"[0m [37m"TruckingTransport"[0m [94mWHERE[0m [37m([0m[37m([0m[37m"TruckingTransport"[0m[37m.[0m[37m"container_number"[0m [37m=[0m [37m$[0m[32m1[0m[37m)[0m[37m)[0m [90m-- PARAMETERS: ["KOCU5129260"][0m
[90m[4mquery:[24m[39m [94mSELECT[0m [37m"WarehouseOperation"[0m[37m.[0m[37m"container_number"[0m [94mAS[0m [37m"WarehouseOperation_container_number"[0m[37m,[0m [37m"WarehouseOperation"[0m[37m.[0m[37m"operation_type"[0m [94mAS[0m [37m"WarehouseOperation_operation_type"[0m[37m,[0m [37m"WarehouseOperation"[0m[37m.[0m[37m"warehouse_id"[0m [94mAS[0m [37m"WarehouseOperation_warehouse_id"[0m[37m,[0m [37m"WarehouseOperation"[0m[37m.[0m[37m"planned_warehouse"[0m [94mAS[0m [37m"WarehouseOperation_planned_warehouse"[0m[37m,[0m [37m"WarehouseOperation"[0m[37m.[0m[37m"actual_warehouse"[0m [94mAS[0m [37m"WarehouseOperation_actual_warehouse"[0m[37m,[0m [37m"WarehouseOperation"[0m[37m.[0m[37m"warehouse_group"[0m [94mAS[0m [37m"WarehouseOperation_warehouse_group"[0m[37m,[0m [37m"WarehouseOperation"[0m[37m.[0m[37m"warehouse_arrival_date"[0m [94mAS[0m [37m"WarehouseOperation_warehouse_arrival_date"[0m[37m,[0m [37m"WarehouseOperation"[0m[37m.[0m[37m"unload_mode_actual"[0m [94mAS[0m [37m"WarehouseOperation_unload_mode_actual"[0m[37m,[0m [37m"WarehouseOperation"[0m[37m.[0m[37m"last_unload_date"[0m [94mAS[0m [37m"WarehouseOperation_last_unload_date"[0m[37m,[0m [37m"WarehouseOperation"[0m[37m.[0m[37m"planned_unload_date"[0m [94mAS[0m [37m"WarehouseOperation_planned_unload_date"[0m[37m,[0m [37m"WarehouseOperation"[0m[37m.[0m[37m"unload_date"[0m [94mAS[0m [37m"WarehouseOperation_unload_date"[0m[37m,[0m [37m"WarehouseOperation"[0m[37m.[0m[37m"wms_status"[0m [94mAS[0m [37m"WarehouseOperation_wms_status"[0m[37m,[0m [37m"WarehouseOperation"[0m[37m.[0m[37m"ebs_status"[0m [94mAS[0m [37m"WarehouseOperation_ebs_status"[0m[37m,[0m [37m"WarehouseOperation"[0m[37m.[0m[37m"wms_confirm_date"[0m [94mAS[0m [37m"WarehouseOperation_wms_confirm_date"[0m[37m,[0m [37m"WarehouseOperation"[0m[37m.[0m[37m"unload_gate"[0m [94mAS[0m [37m"WarehouseOperation_unload_gate"[0m[37m,[0m [37m"WarehouseOperation"[0m[37m.[0m[37m"unload_company"[0m [94mAS[0m [37m"WarehouseOperation_unload_company"[0m[37m,[0m [37m"WarehouseOperation"[0m[37m.[0m[37m"notification_pickup_date"[0m [94mAS[0m [37m"WarehouseOperation_notification_pickup_date"[0m[37m,[0m [37m"WarehouseOperation"[0m[37m.[0m[37m"pickup_time"[0m [94mAS[0m [37m"WarehouseOperation_pickup_time"[0m[37m,[0m [37m"WarehouseOperation"[0m[37m.[0m[37m"warehouse_remarks"[0m [94mAS[0m [37m"WarehouseOperation_warehouse_remarks"[0m[37m,[0m [37m"WarehouseOperation"[0m[37m.[0m[37m"gate_in_time"[0m [94mAS[0m [37m"WarehouseOperation_gate_in_time"[0m[37m,[0m [37m"WarehouseOperation"[0m[37m.[0m[37m"gate_out_time"[0m [94mAS[0m [37m"WarehouseOperation_gate_out_time"[0m[37m,[0m [37m"WarehouseOperation"[0m[37m.[0m[37m"storage_start_date"[0m [94mAS[0m [37m"WarehouseOperation_storage_start_date"[0m[37m,[0m [37m"WarehouseOperation"[0m[37m.[0m[37m"storage_end_date"[0m [94mAS[0m [37m"WarehouseOperation_storage_end_date"[0m[37m,[0m [37m"WarehouseOperation"[0m[37m.[0m[37m"is_unboxing"[0m [94mAS[0m [37m"WarehouseOperation_is_unboxing"[0m[37m,[0m [37m"WarehouseOperation"[0m[37m.[0m[37m"unboxing_time"[0m [94mAS[0m [37m"WarehouseOperation_unboxing_time"[0m[37m,[0m [37m"WarehouseOperation"[0m[37m.[0m[37m"cargo_received_by"[0m [94mAS[0m [37m"WarehouseOperation_cargo_received_by"[0m[37m,[0m [37m"WarehouseOperation"[0m[37m.[0m[37m"cargo_delivered_to"[0m [94mAS[0m [37m"WarehouseOperation_cargo_delivered_to"[0m[37m,[0m [37m"WarehouseOperation"[0m[37m.[0m[37m"remarks"[0m [94mAS[0m [37m"WarehouseOperation_remarks"[0m[37m,[0m [37m"WarehouseOperation"[0m[37m.[0m[37m"created_at"[0m [94mAS[0m [37m"WarehouseOperation_created_at"[0m[37m,[0m [37m"WarehouseOperation"[0m[37m.[0m[37m"updated_at"[0m [94mAS[0m [37m"WarehouseOperation_updated_at"[0m [94mFROM[0m [37m"process_warehouse_operations"[0m [37m"WarehouseOperation"[0m [94mWHERE[0m [37m([0m[37m([0m[37m"WarehouseOperation"[0m[37m.[0m[37m"container_number"[0m [37m=[0m [37m$[0m[32m1[0m[37m)[0m[37m)[0m [90m-- PARAMETERS: ["KOCU5129260"][0m
[90m[4mquery:[24m[39m [94mSELECT[0m [37m"EmptyReturn"[0m[37m.[0m[37m"container_number"[0m [94mAS[0m [37m"EmptyReturn_container_number"[0m[37m,[0m [37m"EmptyReturn"[0m[37m.[0m[37m"last_return_date"[0m [94mAS[0m [37m"EmptyReturn_last_return_date"[0m[37m,[0m [37m"EmptyReturn"[0m[37m.[0m[37m"planned_return_date"[0m [94mAS[0m [37m"EmptyReturn_planned_return_date"[0m[37m,[0m [37m"EmptyReturn"[0m[37m.[0m[37m"return_time"[0m [94mAS[0m [37m"EmptyReturn_return_time"[0m[37m,[0m [37m"EmptyReturn"[0m[37m.[0m[37m"notification_return_date"[0m [94mAS[0m [37m"EmptyReturn_notification_return_date"[0m[37m,[0m [37m"EmptyReturn"[0m[37m.[0m[37m"notification_return_time"[0m [94mAS[0m [37m"EmptyReturn_notification_return_time"[0m[37m,[0m [37m"EmptyReturn"[0m[37m.[0m[37m"return_terminal_code"[0m [94mAS[0m [37m"EmptyReturn_return_terminal_code"[0m[37m,[0m [37m"EmptyReturn"[0m[37m.[0m[37m"return_terminal_name"[0m [94mAS[0m [37m"EmptyReturn_return_terminal_name"[0m[37m,[0m [37m"EmptyReturn"[0m[37m.[0m[37m"container_condition"[0m [94mAS[0m [37m"EmptyReturn_container_condition"[0m[37m,[0m [37m"EmptyReturn"[0m[37m.[0m[37m"return_remarks"[0m [94mAS[0m [37m"EmptyReturn_return_remarks"[0m[37m,[0m [37m"EmptyReturn"[0m[37m.[0m[37m"created_at"[0m [94mAS[0m [37m"EmptyReturn_created_at"[0m[37m,[0m [37m"EmptyReturn"[0m[37m.[0m[37m"updated_at"[0m [94mAS[0m [37m"EmptyReturn_updated_at"[0m [94mFROM[0m [37m"process_empty_return"[0m [37m"EmptyReturn"[0m [94mWHERE[0m [37m([0m[37m([0m[37m"EmptyReturn"[0m[37m.[0m[37m"container_number"[0m [37m=[0m [37m$[0m[32m1[0m[37m)[0m[37m)[0m [90m-- PARAMETERS: ["KOCU5129260"][0m
馃搳 鍚庣 gantt-v3 璁＄畻缁撴灉:
  Phase: 1 (娓呭叧闃舵)
  Rule Version: gantt-v3
  娓呭叧: taskRole=main, completed=false
  鎻愭煖: taskRole=none, completed=false
  鍗告煖: taskRole=none, completed=false
  杩樼: taskRole=none, completed=false

馃帹 鍓嶇 calculateNodeStatus 璁＄畻缁撴灉:
  娓呭叧: status=completed, supplier=鏈寚瀹?  鎻愭煖: status=completed, supplier=RT_LOGISTICA_SRL_
  鍗告煖: status=active, supplier=IT-S002
  杩樼: status=pending, supplier=鏈寚瀹?
馃搵 鏁版嵁婧愭鏌?
  鐩殑娓?actualCustomsDate: 鉂?鏃?  鎻愭煖 deliveryDate: 鉂?鏃?  鎻愭煖 pickupDate: 鉁?鏈?  鍗告煖 unloadDate: 鉂?鏃?  杩樼 returnTime: 鉂?鏃?
馃攳 瀵规瘮鍒嗘瀽:
  娓呭叧鑺傜偣:
    棰勬湡: 閿€姣?(none/completed)
    鍚庣: 鉂?閿欒 (taskRole=main)
    鍓嶇: 鉁?姝ｇ‘ (status=completed)

  鉂?娴嬭瘯澶辫触
     鍘熷洜: customsShouldBeNone=true, backendCustoms.taskRole=main, frontendNodes.娓呭叧.status=completed


銆愯揣鏌?HMMU6232153銆?鈹€鈹€鈹€鈹€鈹€鈹€鈹€鈹€鈹€鈹€鈹€鈹€鈹€鈹€鈹€鈹€鈹€鈹€鈹€鈹€鈹€鈹€鈹€鈹€鈹€鈹€鈹€鈹€鈹€鈹€鈹€鈹€鈹€鈹€鈹€鈹€鈹€鈹€鈹€鈹€鈹€鈹€鈹€鈹€鈹€鈹€鈹€鈹€鈹€鈹€鈹€鈹€鈹€鈹€鈹€鈹€鈹€鈹€鈹€鈹€
[90m[4mquery:[24m[39m [94mSELECT[0m [37m"Container"[0m[37m.[0m[37m"container_number"[0m [94mAS[0m [37m"Container_container_number"[0m[37m,[0m [37m"Container"[0m[37m.[0m[37m"container_type_code"[0m [94mAS[0m [37m"Container_container_type_code"[0m[37m,[0m [37m"Container"[0m[37m.[0m[37m"cargo_description"[0m [94mAS[0m [37m"Container_cargo_description"[0m[37m,[0m [37m"Container"[0m[37m.[0m[37m"gross_weight"[0m [94mAS[0m [37m"Container_gross_weight"[0m[37m,[0m [37m"Container"[0m[37m.[0m[37m"net_weight"[0m [94mAS[0m [37m"Container_net_weight"[0m[37m,[0m [37m"Container"[0m[37m.[0m[37m"cbm"[0m [94mAS[0m [37m"Container_cbm"[0m[37m,[0m [37m"Container"[0m[37m.[0m[37m"packages"[0m [94mAS[0m [37m"Container_packages"[0m[37m,[0m [37m"Container"[0m[37m.[0m[37m"seal_number"[0m [94mAS[0m [37m"Container_seal_number"[0m[37m,[0m [37m"Container"[0m[37m.[0m[37m"inspection_required"[0m [94mAS[0m [37m"Container_inspection_required"[0m[37m,[0m [37m"Container"[0m[37m.[0m[37m"is_unboxing"[0m [94mAS[0m [37m"Container_is_unboxing"[0m[37m,[0m [37m"Container"[0m[37m.[0m[37m"logistics_status"[0m [94mAS[0m [37m"Container_logistics_status"[0m[37m,[0m [37m"Container"[0m[37m.[0m[37m"gantt_derived"[0m [94mAS[0m [37m"Container_gantt_derived"[0m[37m,[0m [37m"Container"[0m[37m.[0m[37m"schedule_status"[0m [94mAS[0m [37m"Container_schedule_status"[0m[37m,[0m [37m"Container"[0m[37m.[0m[37m"remarks"[0m [94mAS[0m [37m"Container_remarks"[0m[37m,[0m [37m"Container"[0m[37m.[0m[37m"requires_pallet"[0m [94mAS[0m [37m"Container_requires_pallet"[0m[37m,[0m [37m"Container"[0m[37m.[0m[37m"requires_assembly"[0m [94mAS[0m [37m"Container_requires_assembly"[0m[37m,[0m [37m"Container"[0m[37m.[0m[37m"container_size"[0m [94mAS[0m [37m"Container_container_size"[0m[37m,[0m [37m"Container"[0m[37m.[0m[37m"is_rolled"[0m [94mAS[0m [37m"Container_is_rolled"[0m[37m,[0m [37m"Container"[0m[37m.[0m[37m"operator"[0m [94mAS[0m [37m"Container_operator"[0m[37m,[0m [37m"Container"[0m[37m.[0m[37m"container_holder"[0m [94mAS[0m [37m"Container_container_holder"[0m[37m,[0m [37m"Container"[0m[37m.[0m[37m"tare_weight"[0m [94mAS[0m [37m"Container_tare_weight"[0m[37m,[0m [37m"Container"[0m[37m.[0m[37m"total_weight"[0m [94mAS[0m [37m"Container_total_weight"[0m[37m,[0m [37m"Container"[0m[37m.[0m[37m"over_length"[0m [94mAS[0m [37m"Container_over_length"[0m[37m,[0m [37m"Container"[0m[37m.[0m[37m"over_height"[0m [94mAS[0m [37m"Container_over_height"[0m[37m,[0m [37m"Container"[0m[37m.[0m[37m"danger_class"[0m [94mAS[0m [37m"Container_danger_class"[0m[37m,[0m [37m"Container"[0m[37m.[0m[37m"current_status_desc_cn"[0m [94mAS[0m [37m"Container_current_status_desc_cn"[0m[37m,[0m [37m"Container"[0m[37m.[0m[37m"current_status_desc_en"[0m [94mAS[0m [37m"Container_current_status_desc_en"[0m[37m,[0m [37m"Container"[0m[37m.[0m[37m"bill_of_lading_number"[0m [94mAS[0m [37m"Container_bill_of_lading_number"[0m[37m,[0m [37m"Container"[0m[37m.[0m[37m"created_at"[0m [94mAS[0m [37m"Container_created_at"[0m[37m,[0m [37m"Container"[0m[37m.[0m[37m"updated_at"[0m [94mAS[0m [37m"Container_updated_at"[0m [94mFROM[0m [37m"biz_containers"[0m [37m"Container"[0m [94mWHERE[0m [37m([0m[37m([0m[37m"Container"[0m[37m.[0m[37m"container_number"[0m [37m=[0m [37m$[0m[32m1[0m[37m)[0m[37m)[0m [94mLIMIT[0m [32m1[0m [90m-- PARAMETERS: ["HMMU6232153"][0m
[90m[4mquery:[24m[39m [94mSELECT[0m [37m"PortOperation"[0m[37m.[0m[37m"id"[0m [94mAS[0m [37m"PortOperation_id"[0m[37m,[0m [37m"PortOperation"[0m[37m.[0m[37m"container_number"[0m [94mAS[0m [37m"PortOperation_container_number"[0m[37m,[0m [37m"PortOperation"[0m[37m.[0m[37m"port_type"[0m [94mAS[0m [37m"PortOperation_port_type"[0m[37m,[0m [37m"PortOperation"[0m[37m.[0m[37m"port_code"[0m [94mAS[0m [37m"PortOperation_port_code"[0m[37m,[0m [37m"PortOperation"[0m[37m.[0m[37m"port_name"[0m [94mAS[0m [37m"PortOperation_port_name"[0m[37m,[0m [37m"PortOperation"[0m[37m.[0m[37m"port_sequence"[0m [94mAS[0m [37m"PortOperation_port_sequence"[0m[37m,[0m [37m"PortOperation"[0m[37m.[0m[37m"eta"[0m [94mAS[0m [37m"PortOperation_eta"[0m[37m,[0m [37m"PortOperation"[0m[37m.[0m[37m"ata"[0m [94mAS[0m [37m"PortOperation_ata"[0m[37m,[0m [37m"PortOperation"[0m[37m.[0m[37m"revised_eta"[0m [94mAS[0m [37m"PortOperation_revised_eta"[0m[37m,[0m [37m"PortOperation"[0m[37m.[0m[37m"eta_correction"[0m [94mAS[0m [37m"PortOperation_eta_correction"[0m[37m,[0m [37m"PortOperation"[0m[37m.[0m[37m"discharged_time"[0m [94mAS[0m [37m"PortOperation_discharged_time"[0m[37m,[0m [37m"PortOperation"[0m[37m.[0m[37m"dest_port_unload_date"[0m [94mAS[0m [37m"PortOperation_dest_port_unload_date"[0m[37m,[0m [37m"PortOperation"[0m[37m.[0m[37m"etd"[0m [94mAS[0m [37m"PortOperation_etd"[0m[37m,[0m [37m"PortOperation"[0m[37m.[0m[37m"atd"[0m [94mAS[0m [37m"PortOperation_atd"[0m[37m,[0m [37m"PortOperation"[0m[37m.[0m[37m"transit_arrival_date"[0m [94mAS[0m [37m"PortOperation_transit_arrival_date"[0m[37m,[0m [37m"PortOperation"[0m[37m.[0m[37m"gate_in_time"[0m [94mAS[0m [37m"PortOperation_gate_in_time"[0m[37m,[0m [37m"PortOperation"[0m[37m.[0m[37m"gate_out_time"[0m [94mAS[0m [37m"PortOperation_gate_out_time"[0m[37m,[0m [37m"PortOperation"[0m[37m.[0m[37m"available_time"[0m [94mAS[0m [37m"PortOperation_available_time"[0m[37m,[0m [37m"PortOperation"[0m[37m.[0m[37m"customs_status"[0m [94mAS[0m [37m"PortOperation_customs_status"[0m[37m,[0m [37m"PortOperation"[0m[37m.[0m[37m"isf_status"[0m [94mAS[0m [37m"PortOperation_isf_status"[0m[37m,[0m [37m"PortOperation"[0m[37m.[0m[37m"last_free_date"[0m [94mAS[0m [37m"PortOperation_last_free_date"[0m[37m,[0m [37m"PortOperation"[0m[37m.[0m[37m"last_free_date_mode"[0m [94mAS[0m [37m"PortOperation_last_free_date_mode"[0m[37m,[0m [37m"PortOperation"[0m[37m.[0m[37m"last_free_date_source"[0m [94mAS[0m [37m"PortOperation_last_free_date_source"[0m[37m,[0m [37m"PortOperation"[0m[37m.[0m[37m"gate_in_terminal"[0m [94mAS[0m [37m"PortOperation_gate_in_terminal"[0m[37m,[0m [37m"PortOperation"[0m[37m.[0m[37m"gate_out_terminal"[0m [94mAS[0m [37m"PortOperation_gate_out_terminal"[0m[37m,[0m [37m"PortOperation"[0m[37m.[0m[37m"berth_position"[0m [94mAS[0m [37m"PortOperation_berth_position"[0m[37m,[0m [37m"PortOperation"[0m[37m.[0m[37m"planned_customs_date"[0m [94mAS[0m [37m"PortOperation_planned_customs_date"[0m[37m,[0m [37m"PortOperation"[0m[37m.[0m[37m"actual_customs_date"[0m [94mAS[0m [37m"PortOperation_actual_customs_date"[0m[37m,[0m [37m"PortOperation"[0m[37m.[0m[37m"customs_broker_code"[0m [94mAS[0m [37m"PortOperation_customs_broker_code"[0m[37m,[0m [37m"PortOperation"[0m[37m.[0m[37m"document_status"[0m [94mAS[0m [37m"PortOperation_document_status"[0m[37m,[0m [37m"PortOperation"[0m[37m.[0m[37m"all_generated_date"[0m [94mAS[0m [37m"PortOperation_all_generated_date"[0m[37m,[0m [37m"PortOperation"[0m[37m.[0m[37m"customs_remarks"[0m [94mAS[0m [37m"PortOperation_customs_remarks"[0m[37m,[0m [37m"PortOperation"[0m[37m.[0m[37m"isf_declaration_date"[0m [94mAS[0m [37m"PortOperation_isf_declaration_date"[0m[37m,[0m [37m"PortOperation"[0m[37m.[0m[37m"document_transfer_date"[0m [94mAS[0m [37m"PortOperation_document_transfer_date"[0m[37m,[0m [37m"PortOperation"[0m[37m.[0m[37m"manifest_release_date"[0m [94mAS[0m [37m"PortOperation_manifest_release_date"[0m[37m,[0m [37m"PortOperation"[0m[37m.[0m[37m"document_cutoff_date"[0m [94mAS[0m [37m"PortOperation_document_cutoff_date"[0m[37m,[0m [37m"PortOperation"[0m[37m.[0m[37m"customs_cutoff_date"[0m [94mAS[0m [37m"PortOperation_customs_cutoff_date"[0m[37m,[0m [37m"PortOperation"[0m[37m.[0m[37m"customs_hold_date"[0m [94mAS[0m [37m"PortOperation_customs_hold_date"[0m[37m,[0m [37m"PortOperation"[0m[37m.[0m[37m"carrier_hold_date"[0m [94mAS[0m [37m"PortOperation_carrier_hold_date"[0m[37m,[0m [37m"PortOperation"[0m[37m.[0m[37m"terminal_hold_date"[0m [94mAS[0m [37m"PortOperation_terminal_hold_date"[0m[37m,[0m [37m"PortOperation"[0m[37m.[0m[37m"customs_release_date"[0m [94mAS[0m [37m"PortOperation_customs_release_date"[0m[37m,[0m [37m"PortOperation"[0m[37m.[0m[37m"terminal_release_date"[0m [94mAS[0m [37m"PortOperation_terminal_release_date"[0m[37m,[0m [37m"PortOperation"[0m[37m.[0m[37m"port_open_date"[0m [94mAS[0m [37m"PortOperation_port_open_date"[0m[37m,[0m [37m"PortOperation"[0m[37m.[0m[37m"port_close_date"[0m [94mAS[0m [37m"PortOperation_port_close_date"[0m[37m,[0m [37m"PortOperation"[0m[37m.[0m[37m"train_arrival_date"[0m [94mAS[0m [37m"PortOperation_train_arrival_date"[0m[37m,[0m [37m"PortOperation"[0m[37m.[0m[37m"train_discharge_date"[0m [94mAS[0m [37m"PortOperation_train_discharge_date"[0m[37m,[0m [37m"PortOperation"[0m[37m.[0m[37m"train_departure_time"[0m [94mAS[0m [37m"PortOperation_train_departure_time"[0m[37m,[0m [37m"PortOperation"[0m[37m.[0m[37m"rail_last_free_date"[0m [94mAS[0m [37m"PortOperation_rail_last_free_date"[0m[37m,[0m [37m"PortOperation"[0m[37m.[0m[37m"last_free_date_invalid"[0m [94mAS[0m [37m"PortOperation_last_free_date_invalid"[0m[37m,[0m [37m"PortOperation"[0m[37m.[0m[37m"last_free_date_remark"[0m [94mAS[0m [37m"PortOperation_last_free_date_remark"[0m[37m,[0m [37m"PortOperation"[0m[37m.[0m[37m"free_storage_days"[0m [94mAS[0m [37m"PortOperation_free_storage_days"[0m[37m,[0m [37m"PortOperation"[0m[37m.[0m[37m"free_detention_days"[0m [94mAS[0m [37m"PortOperation_free_detention_days"[0m[37m,[0m [37m"PortOperation"[0m[37m.[0m[37m"free_off_terminal_days"[0m [94mAS[0m [37m"PortOperation_free_off_terminal_days"[0m[37m,[0m [37m"PortOperation"[0m[37m.[0m[37m"status_code"[0m [94mAS[0m [37m"PortOperation_status_code"[0m[37m,[0m [37m"PortOperation"[0m[37m.[0m[37m"status_occurred_at"[0m [94mAS[0m [37m"PortOperation_status_occurred_at"[0m[37m,[0m [37m"PortOperation"[0m[37m.[0m[37m"has_occurred"[0m [94mAS[0m [37m"PortOperation_has_occurred"[0m[37m,[0m [37m"PortOperation"[0m[37m.[0m[37m"location_name_en"[0m [94mAS[0m [37m"PortOperation_location_name_en"[0m[37m,[0m [37m"PortOperation"[0m[37m.[0m[37m"location_name_cn"[0m [94mAS[0m [37m"PortOperation_location_name_cn"[0m[37m,[0m [37m"PortOperation"[0m[37m.[0m[37m"location_type"[0m [94mAS[0m [37m"PortOperation_location_type"[0m[37m,[0m [37m"PortOperation"[0m[37m.[0m[37m"latitude"[0m [94mAS[0m [37m"PortOperation_latitude"[0m[37m,[0m [37m"PortOperation"[0m[37m.[0m[37m"longitude"[0m [94mAS[0m [37m"PortOperation_longitude"[0m[37m,[0m [37m"PortOperation"[0m[37m.[0m[37m"timezone"[0m [94mAS[0m [37m"PortOperation_timezone"[0m[37m,[0m [37m"PortOperation"[0m[37m.[0m[37m"data_source"[0m [94mAS[0m [37m"PortOperation_data_source"[0m[37m,[0m [37m"PortOperation"[0m[37m.[0m[37m"cargo_location"[0m [94mAS[0m [37m"PortOperation_cargo_location"[0m[37m,[0m [37m"PortOperation"[0m[37m.[0m[37m"remarks"[0m [94mAS[0m [37m"PortOperation_remarks"[0m[37m,[0m [37m"PortOperation"[0m[37m.[0m[37m"created_at"[0m [94mAS[0m [37m"PortOperation_created_at"[0m[37m,[0m [37m"PortOperation"[0m[37m.[0m[37m"updated_at"[0m [94mAS[0m [37m"PortOperation_updated_at"[0m [94mFROM[0m [37m"process_port_operations"[0m [37m"PortOperation"[0m [94mWHERE[0m [37m([0m[37m([0m[37m"PortOperation"[0m[37m.[0m[37m"container_number"[0m [37m=[0m [37m$[0m[32m1[0m[37m)[0m[37m)[0m [90m-- PARAMETERS: ["HMMU6232153"][0m
[90m[4mquery:[24m[39m [94mSELECT[0m [37m"TruckingTransport"[0m[37m.[0m[37m"container_number"[0m [94mAS[0m [37m"TruckingTransport_container_number"[0m[37m,[0m [37m"TruckingTransport"[0m[37m.[0m[37m"trucking_type"[0m [94mAS[0m [37m"TruckingTransport_trucking_type"[0m[37m,[0m [37m"TruckingTransport"[0m[37m.[0m[37m"is_pre_pickup"[0m [94mAS[0m [37m"TruckingTransport_is_pre_pickup"[0m[37m,[0m [37m"TruckingTransport"[0m[37m.[0m[37m"trucking_company_id"[0m [94mAS[0m [37m"TruckingTransport_trucking_company_id"[0m[37m,[0m [37m"TruckingTransport"[0m[37m.[0m[37m"pickup_notification"[0m [94mAS[0m [37m"TruckingTransport_pickup_notification"[0m[37m,[0m [37m"TruckingTransport"[0m[37m.[0m[37m"carrier_company"[0m [94mAS[0m [37m"TruckingTransport_carrier_company"[0m[37m,[0m [37m"TruckingTransport"[0m[37m.[0m[37m"last_pickup_date"[0m [94mAS[0m [37m"TruckingTransport_last_pickup_date"[0m[37m,[0m [37m"TruckingTransport"[0m[37m.[0m[37m"planned_pickup_date"[0m [94mAS[0m [37m"TruckingTransport_planned_pickup_date"[0m[37m,[0m [37m"TruckingTransport"[0m[37m.[0m[37m"pickup_date"[0m [94mAS[0m [37m"TruckingTransport_pickup_date"[0m[37m,[0m [37m"TruckingTransport"[0m[37m.[0m[37m"pickup_date_source"[0m [94mAS[0m [37m"TruckingTransport_pickup_date_source"[0m[37m,[0m [37m"TruckingTransport"[0m[37m.[0m[37m"last_delivery_date"[0m [94mAS[0m [37m"TruckingTransport_last_delivery_date"[0m[37m,[0m [37m"TruckingTransport"[0m[37m.[0m[37m"planned_delivery_date"[0m [94mAS[0m [37m"TruckingTransport_planned_delivery_date"[0m[37m,[0m [37m"TruckingTransport"[0m[37m.[0m[37m"delivery_date"[0m [94mAS[0m [37m"TruckingTransport_delivery_date"[0m[37m,[0m [37m"TruckingTransport"[0m[37m.[0m[37m"unload_mode_plan"[0m [94mAS[0m [37m"TruckingTransport_unload_mode_plan"[0m[37m,[0m [37m"TruckingTransport"[0m[37m.[0m[37m"driver_name"[0m [94mAS[0m [37m"TruckingTransport_driver_name"[0m[37m,[0m [37m"TruckingTransport"[0m[37m.[0m[37m"driver_phone"[0m [94mAS[0m [37m"TruckingTransport_driver_phone"[0m[37m,[0m [37m"TruckingTransport"[0m[37m.[0m[37m"truck_plate"[0m [94mAS[0m [37m"TruckingTransport_truck_plate"[0m[37m,[0m [37m"TruckingTransport"[0m[37m.[0m[37m"pickup_location"[0m [94mAS[0m [37m"TruckingTransport_pickup_location"[0m[37m,[0m [37m"TruckingTransport"[0m[37m.[0m[37m"delivery_location"[0m [94mAS[0m [37m"TruckingTransport_delivery_location"[0m[37m,[0m [37m"TruckingTransport"[0m[37m.[0m[37m"distance_km"[0m [94mAS[0m [37m"TruckingTransport_distance_km"[0m[37m,[0m [37m"TruckingTransport"[0m[37m.[0m[37m"cost"[0m [94mAS[0m [37m"TruckingTransport_cost"[0m[37m,[0m [37m"TruckingTransport"[0m[37m.[0m[37m"schedule_status"[0m [94mAS[0m [37m"TruckingTransport_schedule_status"[0m[37m,[0m [37m"TruckingTransport"[0m[37m.[0m[37m"remarks"[0m [94mAS[0m [37m"TruckingTransport_remarks"[0m[37m,[0m [37m"TruckingTransport"[0m[37m.[0m[37m"created_at"[0m [94mAS[0m [37m"TruckingTransport_created_at"[0m[37m,[0m [37m"TruckingTransport"[0m[37m.[0m[37m"updated_at"[0m [94mAS[0m [37m"TruckingTransport_updated_at"[0m [94mFROM[0m [37m"process_trucking_transport"[0m [37m"TruckingTransport"[0m [94mWHERE[0m [37m([0m[37m([0m[37m"TruckingTransport"[0m[37m.[0m[37m"container_number"[0m [37m=[0m [37m$[0m[32m1[0m[37m)[0m[37m)[0m [90m-- PARAMETERS: ["HMMU6232153"][0m
[90m[4mquery:[24m[39m [94mSELECT[0m [37m"WarehouseOperation"[0m[37m.[0m[37m"container_number"[0m [94mAS[0m [37m"WarehouseOperation_container_number"[0m[37m,[0m [37m"WarehouseOperation"[0m[37m.[0m[37m"operation_type"[0m [94mAS[0m [37m"WarehouseOperation_operation_type"[0m[37m,[0m [37m"WarehouseOperation"[0m[37m.[0m[37m"warehouse_id"[0m [94mAS[0m [37m"WarehouseOperation_warehouse_id"[0m[37m,[0m [37m"WarehouseOperation"[0m[37m.[0m[37m"planned_warehouse"[0m [94mAS[0m [37m"WarehouseOperation_planned_warehouse"[0m[37m,[0m [37m"WarehouseOperation"[0m[37m.[0m[37m"actual_warehouse"[0m [94mAS[0m [37m"WarehouseOperation_actual_warehouse"[0m[37m,[0m [37m"WarehouseOperation"[0m[37m.[0m[37m"warehouse_group"[0m [94mAS[0m [37m"WarehouseOperation_warehouse_group"[0m[37m,[0m [37m"WarehouseOperation"[0m[37m.[0m[37m"warehouse_arrival_date"[0m [94mAS[0m [37m"WarehouseOperation_warehouse_arrival_date"[0m[37m,[0m [37m"WarehouseOperation"[0m[37m.[0m[37m"unload_mode_actual"[0m [94mAS[0m [37m"WarehouseOperation_unload_mode_actual"[0m[37m,[0m [37m"WarehouseOperation"[0m[37m.[0m[37m"last_unload_date"[0m [94mAS[0m [37m"WarehouseOperation_last_unload_date"[0m[37m,[0m [37m"WarehouseOperation"[0m[37m.[0m[37m"planned_unload_date"[0m [94mAS[0m [37m"WarehouseOperation_planned_unload_date"[0m[37m,[0m [37m"WarehouseOperation"[0m[37m.[0m[37m"unload_date"[0m [94mAS[0m [37m"WarehouseOperation_unload_date"[0m[37m,[0m [37m"WarehouseOperation"[0m[37m.[0m[37m"wms_status"[0m [94mAS[0m [37m"WarehouseOperation_wms_status"[0m[37m,[0m [37m"WarehouseOperation"[0m[37m.[0m[37m"ebs_status"[0m [94mAS[0m [37m"WarehouseOperation_ebs_status"[0m[37m,[0m [37m"WarehouseOperation"[0m[37m.[0m[37m"wms_confirm_date"[0m [94mAS[0m [37m"WarehouseOperation_wms_confirm_date"[0m[37m,[0m [37m"WarehouseOperation"[0m[37m.[0m[37m"unload_gate"[0m [94mAS[0m [37m"WarehouseOperation_unload_gate"[0m[37m,[0m [37m"WarehouseOperation"[0m[37m.[0m[37m"unload_company"[0m [94mAS[0m [37m"WarehouseOperation_unload_company"[0m[37m,[0m [37m"WarehouseOperation"[0m[37m.[0m[37m"notification_pickup_date"[0m [94mAS[0m [37m"WarehouseOperation_notification_pickup_date"[0m[37m,[0m [37m"WarehouseOperation"[0m[37m.[0m[37m"pickup_time"[0m [94mAS[0m [37m"WarehouseOperation_pickup_time"[0m[37m,[0m [37m"WarehouseOperation"[0m[37m.[0m[37m"warehouse_remarks"[0m [94mAS[0m [37m"WarehouseOperation_warehouse_remarks"[0m[37m,[0m [37m"WarehouseOperation"[0m[37m.[0m[37m"gate_in_time"[0m [94mAS[0m [37m"WarehouseOperation_gate_in_time"[0m[37m,[0m [37m"WarehouseOperation"[0m[37m.[0m[37m"gate_out_time"[0m [94mAS[0m [37m"WarehouseOperation_gate_out_time"[0m[37m,[0m [37m"WarehouseOperation"[0m[37m.[0m[37m"storage_start_date"[0m [94mAS[0m [37m"WarehouseOperation_storage_start_date"[0m[37m,[0m [37m"WarehouseOperation"[0m[37m.[0m[37m"storage_end_date"[0m [94mAS[0m [37m"WarehouseOperation_storage_end_date"[0m[37m,[0m [37m"WarehouseOperation"[0m[37m.[0m[37m"is_unboxing"[0m [94mAS[0m [37m"WarehouseOperation_is_unboxing"[0m[37m,[0m [37m"WarehouseOperation"[0m[37m.[0m[37m"unboxing_time"[0m [94mAS[0m [37m"WarehouseOperation_unboxing_time"[0m[37m,[0m [37m"WarehouseOperation"[0m[37m.[0m[37m"cargo_received_by"[0m [94mAS[0m [37m"WarehouseOperation_cargo_received_by"[0m[37m,[0m [37m"WarehouseOperation"[0m[37m.[0m[37m"cargo_delivered_to"[0m [94mAS[0m [37m"WarehouseOperation_cargo_delivered_to"[0m[37m,[0m [37m"WarehouseOperation"[0m[37m.[0m[37m"remarks"[0m [94mAS[0m [37m"WarehouseOperation_remarks"[0m[37m,[0m [37m"WarehouseOperation"[0m[37m.[0m[37m"created_at"[0m [94mAS[0m [37m"WarehouseOperation_created_at"[0m[37m,[0m [37m"WarehouseOperation"[0m[37m.[0m[37m"updated_at"[0m [94mAS[0m [37m"WarehouseOperation_updated_at"[0m [94mFROM[0m [37m"process_warehouse_operations"[0m [37m"WarehouseOperation"[0m [94mWHERE[0m [37m([0m[37m([0m[37m"WarehouseOperation"[0m[37m.[0m[37m"container_number"[0m [37m=[0m [37m$[0m[32m1[0m[37m)[0m[37m)[0m [90m-- PARAMETERS: ["HMMU6232153"][0m
[90m[4mquery:[24m[39m [94mSELECT[0m [37m"EmptyReturn"[0m[37m.[0m[37m"container_number"[0m [94mAS[0m [37m"EmptyReturn_container_number"[0m[37m,[0m [37m"EmptyReturn"[0m[37m.[0m[37m"last_return_date"[0m [94mAS[0m [37m"EmptyReturn_last_return_date"[0m[37m,[0m [37m"EmptyReturn"[0m[37m.[0m[37m"planned_return_date"[0m [94mAS[0m [37m"EmptyReturn_planned_return_date"[0m[37m,[0m [37m"EmptyReturn"[0m[37m.[0m[37m"return_time"[0m [94mAS[0m [37m"EmptyReturn_return_time"[0m[37m,[0m [37m"EmptyReturn"[0m[37m.[0m[37m"notification_return_date"[0m [94mAS[0m [37m"EmptyReturn_notification_return_date"[0m[37m,[0m [37m"EmptyReturn"[0m[37m.[0m[37m"notification_return_time"[0m [94mAS[0m [37m"EmptyReturn_notification_return_time"[0m[37m,[0m [37m"EmptyReturn"[0m[37m.[0m[37m"return_terminal_code"[0m [94mAS[0m [37m"EmptyReturn_return_terminal_code"[0m[37m,[0m [37m"EmptyReturn"[0m[37m.[0m[37m"return_terminal_name"[0m [94mAS[0m [37m"EmptyReturn_return_terminal_name"[0m[37m,[0m [37m"EmptyReturn"[0m[37m.[0m[37m"container_condition"[0m [94mAS[0m [37m"EmptyReturn_container_condition"[0m[37m,[0m [37m"EmptyReturn"[0m[37m.[0m[37m"return_remarks"[0m [94mAS[0m [37m"EmptyReturn_return_remarks"[0m[37m,[0m [37m"EmptyReturn"[0m[37m.[0m[37m"created_at"[0m [94mAS[0m [37m"EmptyReturn_created_at"[0m[37m,[0m [37m"EmptyReturn"[0m[37m.[0m[37m"updated_at"[0m [94mAS[0m [37m"EmptyReturn_updated_at"[0m [94mFROM[0m [37m"process_empty_return"[0m [37m"EmptyReturn"[0m [94mWHERE[0m [37m([0m[37m([0m[37m"EmptyReturn"[0m[37m.[0m[37m"container_number"[0m [37m=[0m [37m$[0m[32m1[0m[37m)[0m[37m)[0m [90m-- PARAMETERS: ["HMMU6232153"][0m
馃搳 鍚庣 gantt-v3 璁＄畻缁撴灉:
  Phase: 1 (娓呭叧闃舵)
  Rule Version: gantt-v3
  娓呭叧: taskRole=main, completed=false
  鎻愭煖: taskRole=none, completed=false
  鍗告煖: taskRole=none, completed=false
  杩樼: taskRole=none, completed=false

馃帹 鍓嶇 calculateNodeStatus 璁＄畻缁撴灉:
  娓呭叧: status=pending, supplier=鏈寚瀹?  鎻愭煖: status=pending, supplier=RT_LOGISTICA_SRL_
  鍗告煖: status=pending, supplier=IT-S002
  杩樼: status=pending, supplier=鏈寚瀹?
馃搵 鏁版嵁婧愭鏌?
  鐩殑娓?actualCustomsDate: 鉂?鏃?  鎻愭煖 deliveryDate: 鉂?鏃?  鎻愭煖 pickupDate: 鉂?鏃?  鍗告煖 unloadDate: 鉂?鏃?  杩樼 returnTime: 鉂?鏃?
馃攳 瀵规瘮鍒嗘瀽:
  娓呭叧鑺傜偣:
    棰勬湡: 鏄剧ず (main/dashed/pending/active)
    鍚庣: 鉁?姝ｇ‘ (taskRole=main)
    鍓嶇: 鉁?姝ｇ‘ (status=pending)

  鉁?娴嬭瘯閫氳繃


銆愯揣鏌?HMMU6019657銆?鈹€鈹€鈹€鈹€鈹€鈹€鈹€鈹€鈹€鈹€鈹€鈹€鈹€鈹€鈹€鈹€鈹€鈹€鈹€鈹€鈹€鈹€鈹€鈹€鈹€鈹€鈹€鈹€鈹€鈹€鈹€鈹€鈹€鈹€鈹€鈹€鈹€鈹€鈹€鈹€鈹€鈹€鈹€鈹€鈹€鈹€鈹€鈹€鈹€鈹€鈹€鈹€鈹€鈹€鈹€鈹€鈹€鈹€鈹€鈹€
[90m[4mquery:[24m[39m [94mSELECT[0m [37m"Container"[0m[37m.[0m[37m"container_number"[0m [94mAS[0m [37m"Container_container_number"[0m[37m,[0m [37m"Container"[0m[37m.[0m[37m"container_type_code"[0m [94mAS[0m [37m"Container_container_type_code"[0m[37m,[0m [37m"Container"[0m[37m.[0m[37m"cargo_description"[0m [94mAS[0m [37m"Container_cargo_description"[0m[37m,[0m [37m"Container"[0m[37m.[0m[37m"gross_weight"[0m [94mAS[0m [37m"Container_gross_weight"[0m[37m,[0m [37m"Container"[0m[37m.[0m[37m"net_weight"[0m [94mAS[0m [37m"Container_net_weight"[0m[37m,[0m [37m"Container"[0m[37m.[0m[37m"cbm"[0m [94mAS[0m [37m"Container_cbm"[0m[37m,[0m [37m"Container"[0m[37m.[0m[37m"packages"[0m [94mAS[0m [37m"Container_packages"[0m[37m,[0m [37m"Container"[0m[37m.[0m[37m"seal_number"[0m [94mAS[0m [37m"Container_seal_number"[0m[37m,[0m [37m"Container"[0m[37m.[0m[37m"inspection_required"[0m [94mAS[0m [37m"Container_inspection_required"[0m[37m,[0m [37m"Container"[0m[37m.[0m[37m"is_unboxing"[0m [94mAS[0m [37m"Container_is_unboxing"[0m[37m,[0m [37m"Container"[0m[37m.[0m[37m"logistics_status"[0m [94mAS[0m [37m"Container_logistics_status"[0m[37m,[0m [37m"Container"[0m[37m.[0m[37m"gantt_derived"[0m [94mAS[0m [37m"Container_gantt_derived"[0m[37m,[0m [37m"Container"[0m[37m.[0m[37m"schedule_status"[0m [94mAS[0m [37m"Container_schedule_status"[0m[37m,[0m [37m"Container"[0m[37m.[0m[37m"remarks"[0m [94mAS[0m [37m"Container_remarks"[0m[37m,[0m [37m"Container"[0m[37m.[0m[37m"requires_pallet"[0m [94mAS[0m [37m"Container_requires_pallet"[0m[37m,[0m [37m"Container"[0m[37m.[0m[37m"requires_assembly"[0m [94mAS[0m [37m"Container_requires_assembly"[0m[37m,[0m [37m"Container"[0m[37m.[0m[37m"container_size"[0m [94mAS[0m [37m"Container_container_size"[0m[37m,[0m [37m"Container"[0m[37m.[0m[37m"is_rolled"[0m [94mAS[0m [37m"Container_is_rolled"[0m[37m,[0m [37m"Container"[0m[37m.[0m[37m"operator"[0m [94mAS[0m [37m"Container_operator"[0m[37m,[0m [37m"Container"[0m[37m.[0m[37m"container_holder"[0m [94mAS[0m [37m"Container_container_holder"[0m[37m,[0m [37m"Container"[0m[37m.[0m[37m"tare_weight"[0m [94mAS[0m [37m"Container_tare_weight"[0m[37m,[0m [37m"Container"[0m[37m.[0m[37m"total_weight"[0m [94mAS[0m [37m"Container_total_weight"[0m[37m,[0m [37m"Container"[0m[37m.[0m[37m"over_length"[0m [94mAS[0m [37m"Container_over_length"[0m[37m,[0m [37m"Container"[0m[37m.[0m[37m"over_height"[0m [94mAS[0m [37m"Container_over_height"[0m[37m,[0m [37m"Container"[0m[37m.[0m[37m"danger_class"[0m [94mAS[0m [37m"Container_danger_class"[0m[37m,[0m [37m"Container"[0m[37m.[0m[37m"current_status_desc_cn"[0m [94mAS[0m [37m"Container_current_status_desc_cn"[0m[37m,[0m [37m"Container"[0m[37m.[0m[37m"current_status_desc_en"[0m [94mAS[0m [37m"Container_current_status_desc_en"[0m[37m,[0m [37m"Container"[0m[37m.[0m[37m"bill_of_lading_number"[0m [94mAS[0m [37m"Container_bill_of_lading_number"[0m[37m,[0m [37m"Container"[0m[37m.[0m[37m"created_at"[0m [94mAS[0m [37m"Container_created_at"[0m[37m,[0m [37m"Container"[0m[37m.[0m[37m"updated_at"[0m [94mAS[0m [37m"Container_updated_at"[0m [94mFROM[0m [37m"biz_containers"[0m [37m"Container"[0m [94mWHERE[0m [37m([0m[37m([0m[37m"Container"[0m[37m.[0m[37m"container_number"[0m [37m=[0m [37m$[0m[32m1[0m[37m)[0m[37m)[0m [94mLIMIT[0m [32m1[0m [90m-- PARAMETERS: ["HMMU6019657"][0m
[90m[4mquery:[24m[39m [94mSELECT[0m [37m"PortOperation"[0m[37m.[0m[37m"id"[0m [94mAS[0m [37m"PortOperation_id"[0m[37m,[0m [37m"PortOperation"[0m[37m.[0m[37m"container_number"[0m [94mAS[0m [37m"PortOperation_container_number"[0m[37m,[0m [37m"PortOperation"[0m[37m.[0m[37m"port_type"[0m [94mAS[0m [37m"PortOperation_port_type"[0m[37m,[0m [37m"PortOperation"[0m[37m.[0m[37m"port_code"[0m [94mAS[0m [37m"PortOperation_port_code"[0m[37m,[0m [37m"PortOperation"[0m[37m.[0m[37m"port_name"[0m [94mAS[0m [37m"PortOperation_port_name"[0m[37m,[0m [37m"PortOperation"[0m[37m.[0m[37m"port_sequence"[0m [94mAS[0m [37m"PortOperation_port_sequence"[0m[37m,[0m [37m"PortOperation"[0m[37m.[0m[37m"eta"[0m [94mAS[0m [37m"PortOperation_eta"[0m[37m,[0m [37m"PortOperation"[0m[37m.[0m[37m"ata"[0m [94mAS[0m [37m"PortOperation_ata"[0m[37m,[0m [37m"PortOperation"[0m[37m.[0m[37m"revised_eta"[0m [94mAS[0m [37m"PortOperation_revised_eta"[0m[37m,[0m [37m"PortOperation"[0m[37m.[0m[37m"eta_correction"[0m [94mAS[0m [37m"PortOperation_eta_correction"[0m[37m,[0m [37m"PortOperation"[0m[37m.[0m[37m"discharged_time"[0m [94mAS[0m [37m"PortOperation_discharged_time"[0m[37m,[0m [37m"PortOperation"[0m[37m.[0m[37m"dest_port_unload_date"[0m [94mAS[0m [37m"PortOperation_dest_port_unload_date"[0m[37m,[0m [37m"PortOperation"[0m[37m.[0m[37m"etd"[0m [94mAS[0m [37m"PortOperation_etd"[0m[37m,[0m [37m"PortOperation"[0m[37m.[0m[37m"atd"[0m [94mAS[0m [37m"PortOperation_atd"[0m[37m,[0m [37m"PortOperation"[0m[37m.[0m[37m"transit_arrival_date"[0m [94mAS[0m [37m"PortOperation_transit_arrival_date"[0m[37m,[0m [37m"PortOperation"[0m[37m.[0m[37m"gate_in_time"[0m [94mAS[0m [37m"PortOperation_gate_in_time"[0m[37m,[0m [37m"PortOperation"[0m[37m.[0m[37m"gate_out_time"[0m [94mAS[0m [37m"PortOperation_gate_out_time"[0m[37m,[0m [37m"PortOperation"[0m[37m.[0m[37m"available_time"[0m [94mAS[0m [37m"PortOperation_available_time"[0m[37m,[0m [37m"PortOperation"[0m[37m.[0m[37m"customs_status"[0m [94mAS[0m [37m"PortOperation_customs_status"[0m[37m,[0m [37m"PortOperation"[0m[37m.[0m[37m"isf_status"[0m [94mAS[0m [37m"PortOperation_isf_status"[0m[37m,[0m [37m"PortOperation"[0m[37m.[0m[37m"last_free_date"[0m [94mAS[0m [37m"PortOperation_last_free_date"[0m[37m,[0m [37m"PortOperation"[0m[37m.[0m[37m"last_free_date_mode"[0m [94mAS[0m [37m"PortOperation_last_free_date_mode"[0m[37m,[0m [37m"PortOperation"[0m[37m.[0m[37m"last_free_date_source"[0m [94mAS[0m [37m"PortOperation_last_free_date_source"[0m[37m,[0m [37m"PortOperation"[0m[37m.[0m[37m"gate_in_terminal"[0m [94mAS[0m [37m"PortOperation_gate_in_terminal"[0m[37m,[0m [37m"PortOperation"[0m[37m.[0m[37m"gate_out_terminal"[0m [94mAS[0m [37m"PortOperation_gate_out_terminal"[0m[37m,[0m [37m"PortOperation"[0m[37m.[0m[37m"berth_position"[0m [94mAS[0m [37m"PortOperation_berth_position"[0m[37m,[0m [37m"PortOperation"[0m[37m.[0m[37m"planned_customs_date"[0m [94mAS[0m [37m"PortOperation_planned_customs_date"[0m[37m,[0m [37m"PortOperation"[0m[37m.[0m[37m"actual_customs_date"[0m [94mAS[0m [37m"PortOperation_actual_customs_date"[0m[37m,[0m [37m"PortOperation"[0m[37m.[0m[37m"customs_broker_code"[0m [94mAS[0m [37m"PortOperation_customs_broker_code"[0m[37m,[0m [37m"PortOperation"[0m[37m.[0m[37m"document_status"[0m [94mAS[0m [37m"PortOperation_document_status"[0m[37m,[0m [37m"PortOperation"[0m[37m.[0m[37m"all_generated_date"[0m [94mAS[0m [37m"PortOperation_all_generated_date"[0m[37m,[0m [37m"PortOperation"[0m[37m.[0m[37m"customs_remarks"[0m [94mAS[0m [37m"PortOperation_customs_remarks"[0m[37m,[0m [37m"PortOperation"[0m[37m.[0m[37m"isf_declaration_date"[0m [94mAS[0m [37m"PortOperation_isf_declaration_date"[0m[37m,[0m [37m"PortOperation"[0m[37m.[0m[37m"document_transfer_date"[0m [94mAS[0m [37m"PortOperation_document_transfer_date"[0m[37m,[0m [37m"PortOperation"[0m[37m.[0m[37m"manifest_release_date"[0m [94mAS[0m [37m"PortOperation_manifest_release_date"[0m[37m,[0m [37m"PortOperation"[0m[37m.[0m[37m"document_cutoff_date"[0m [94mAS[0m [37m"PortOperation_document_cutoff_date"[0m[37m,[0m [37m"PortOperation"[0m[37m.[0m[37m"customs_cutoff_date"[0m [94mAS[0m [37m"PortOperation_customs_cutoff_date"[0m[37m,[0m [37m"PortOperation"[0m[37m.[0m[37m"customs_hold_date"[0m [94mAS[0m [37m"PortOperation_customs_hold_date"[0m[37m,[0m [37m"PortOperation"[0m[37m.[0m[37m"carrier_hold_date"[0m [94mAS[0m [37m"PortOperation_carrier_hold_date"[0m[37m,[0m [37m"PortOperation"[0m[37m.[0m[37m"terminal_hold_date"[0m [94mAS[0m [37m"PortOperation_terminal_hold_date"[0m[37m,[0m [37m"PortOperation"[0m[37m.[0m[37m"customs_release_date"[0m [94mAS[0m [37m"PortOperation_customs_release_date"[0m[37m,[0m [37m"PortOperation"[0m[37m.[0m[37m"terminal_release_date"[0m [94mAS[0m [37m"PortOperation_terminal_release_date"[0m[37m,[0m [37m"PortOperation"[0m[37m.[0m[37m"port_open_date"[0m [94mAS[0m [37m"PortOperation_port_open_date"[0m[37m,[0m [37m"PortOperation"[0m[37m.[0m[37m"port_close_date"[0m [94mAS[0m [37m"PortOperation_port_close_date"[0m[37m,[0m [37m"PortOperation"[0m[37m.[0m[37m"train_arrival_date"[0m [94mAS[0m [37m"PortOperation_train_arrival_date"[0m[37m,[0m [37m"PortOperation"[0m[37m.[0m[37m"train_discharge_date"[0m [94mAS[0m [37m"PortOperation_train_discharge_date"[0m[37m,[0m [37m"PortOperation"[0m[37m.[0m[37m"train_departure_time"[0m [94mAS[0m [37m"PortOperation_train_departure_time"[0m[37m,[0m [37m"PortOperation"[0m[37m.[0m[37m"rail_last_free_date"[0m [94mAS[0m [37m"PortOperation_rail_last_free_date"[0m[37m,[0m [37m"PortOperation"[0m[37m.[0m[37m"last_free_date_invalid"[0m [94mAS[0m [37m"PortOperation_last_free_date_invalid"[0m[37m,[0m [37m"PortOperation"[0m[37m.[0m[37m"last_free_date_remark"[0m [94mAS[0m [37m"PortOperation_last_free_date_remark"[0m[37m,[0m [37m"PortOperation"[0m[37m.[0m[37m"free_storage_days"[0m [94mAS[0m [37m"PortOperation_free_storage_days"[0m[37m,[0m [37m"PortOperation"[0m[37m.[0m[37m"free_detention_days"[0m [94mAS[0m [37m"PortOperation_free_detention_days"[0m[37m,[0m [37m"PortOperation"[0m[37m.[0m[37m"free_off_terminal_days"[0m [94mAS[0m [37m"PortOperation_free_off_terminal_days"[0m[37m,[0m [37m"PortOperation"[0m[37m.[0m[37m"status_code"[0m [94mAS[0m [37m"PortOperation_status_code"[0m[37m,[0m [37m"PortOperation"[0m[37m.[0m[37m"status_occurred_at"[0m [94mAS[0m [37m"PortOperation_status_occurred_at"[0m[37m,[0m [37m"PortOperation"[0m[37m.[0m[37m"has_occurred"[0m [94mAS[0m [37m"PortOperation_has_occurred"[0m[37m,[0m [37m"PortOperation"[0m[37m.[0m[37m"location_name_en"[0m [94mAS[0m [37m"PortOperation_location_name_en"[0m[37m,[0m [37m"PortOperation"[0m[37m.[0m[37m"location_name_cn"[0m [94mAS[0m [37m"PortOperation_location_name_cn"[0m[37m,[0m [37m"PortOperation"[0m[37m.[0m[37m"location_type"[0m [94mAS[0m [37m"PortOperation_location_type"[0m[37m,[0m [37m"PortOperation"[0m[37m.[0m[37m"latitude"[0m [94mAS[0m [37m"PortOperation_latitude"[0m[37m,[0m [37m"PortOperation"[0m[37m.[0m[37m"longitude"[0m [94mAS[0m [37m"PortOperation_longitude"[0m[37m,[0m [37m"PortOperation"[0m[37m.[0m[37m"timezone"[0m [94mAS[0m [37m"PortOperation_timezone"[0m[37m,[0m [37m"PortOperation"[0m[37m.[0m[37m"data_source"[0m [94mAS[0m [37m"PortOperation_data_source"[0m[37m,[0m [37m"PortOperation"[0m[37m.[0m[37m"cargo_location"[0m [94mAS[0m [37m"PortOperation_cargo_location"[0m[37m,[0m [37m"PortOperation"[0m[37m.[0m[37m"remarks"[0m [94mAS[0m [37m"PortOperation_remarks"[0m[37m,[0m [37m"PortOperation"[0m[37m.[0m[37m"created_at"[0m [94mAS[0m [37m"PortOperation_created_at"[0m[37m,[0m [37m"PortOperation"[0m[37m.[0m[37m"updated_at"[0m [94mAS[0m [37m"PortOperation_updated_at"[0m [94mFROM[0m [37m"process_port_operations"[0m [37m"PortOperation"[0m [94mWHERE[0m [37m([0m[37m([0m[37m"PortOperation"[0m[37m.[0m[37m"container_number"[0m [37m=[0m [37m$[0m[32m1[0m[37m)[0m[37m)[0m [90m-- PARAMETERS: ["HMMU6019657"][0m
[90m[4mquery:[24m[39m [94mSELECT[0m [37m"TruckingTransport"[0m[37m.[0m[37m"container_number"[0m [94mAS[0m [37m"TruckingTransport_container_number"[0m[37m,[0m [37m"TruckingTransport"[0m[37m.[0m[37m"trucking_type"[0m [94mAS[0m [37m"TruckingTransport_trucking_type"[0m[37m,[0m [37m"TruckingTransport"[0m[37m.[0m[37m"is_pre_pickup"[0m [94mAS[0m [37m"TruckingTransport_is_pre_pickup"[0m[37m,[0m [37m"TruckingTransport"[0m[37m.[0m[37m"trucking_company_id"[0m [94mAS[0m [37m"TruckingTransport_trucking_company_id"[0m[37m,[0m [37m"TruckingTransport"[0m[37m.[0m[37m"pickup_notification"[0m [94mAS[0m [37m"TruckingTransport_pickup_notification"[0m[37m,[0m [37m"TruckingTransport"[0m[37m.[0m[37m"carrier_company"[0m [94mAS[0m [37m"TruckingTransport_carrier_company"[0m[37m,[0m [37m"TruckingTransport"[0m[37m.[0m[37m"last_pickup_date"[0m [94mAS[0m [37m"TruckingTransport_last_pickup_date"[0m[37m,[0m [37m"TruckingTransport"[0m[37m.[0m[37m"planned_pickup_date"[0m [94mAS[0m [37m"TruckingTransport_planned_pickup_date"[0m[37m,[0m [37m"TruckingTransport"[0m[37m.[0m[37m"pickup_date"[0m [94mAS[0m [37m"TruckingTransport_pickup_date"[0m[37m,[0m [37m"TruckingTransport"[0m[37m.[0m[37m"pickup_date_source"[0m [94mAS[0m [37m"TruckingTransport_pickup_date_source"[0m[37m,[0m [37m"TruckingTransport"[0m[37m.[0m[37m"last_delivery_date"[0m [94mAS[0m [37m"TruckingTransport_last_delivery_date"[0m[37m,[0m [37m"TruckingTransport"[0m[37m.[0m[37m"planned_delivery_date"[0m [94mAS[0m [37m"TruckingTransport_planned_delivery_date"[0m[37m,[0m [37m"TruckingTransport"[0m[37m.[0m[37m"delivery_date"[0m [94mAS[0m [37m"TruckingTransport_delivery_date"[0m[37m,[0m [37m"TruckingTransport"[0m[37m.[0m[37m"unload_mode_plan"[0m [94mAS[0m [37m"TruckingTransport_unload_mode_plan"[0m[37m,[0m [37m"TruckingTransport"[0m[37m.[0m[37m"driver_name"[0m [94mAS[0m [37m"TruckingTransport_driver_name"[0m[37m,[0m [37m"TruckingTransport"[0m[37m.[0m[37m"driver_phone"[0m [94mAS[0m [37m"TruckingTransport_driver_phone"[0m[37m,[0m [37m"TruckingTransport"[0m[37m.[0m[37m"truck_plate"[0m [94mAS[0m [37m"TruckingTransport_truck_plate"[0m[37m,[0m [37m"TruckingTransport"[0m[37m.[0m[37m"pickup_location"[0m [94mAS[0m [37m"TruckingTransport_pickup_location"[0m[37m,[0m [37m"TruckingTransport"[0m[37m.[0m[37m"delivery_location"[0m [94mAS[0m [37m"TruckingTransport_delivery_location"[0m[37m,[0m [37m"TruckingTransport"[0m[37m.[0m[37m"distance_km"[0m [94mAS[0m [37m"TruckingTransport_distance_km"[0m[37m,[0m [37m"TruckingTransport"[0m[37m.[0m[37m"cost"[0m [94mAS[0m [37m"TruckingTransport_cost"[0m[37m,[0m [37m"TruckingTransport"[0m[37m.[0m[37m"schedule_status"[0m [94mAS[0m [37m"TruckingTransport_schedule_status"[0m[37m,[0m [37m"TruckingTransport"[0m[37m.[0m[37m"remarks"[0m [94mAS[0m [37m"TruckingTransport_remarks"[0m[37m,[0m [37m"TruckingTransport"[0m[37m.[0m[37m"created_at"[0m [94mAS[0m [37m"TruckingTransport_created_at"[0m[37m,[0m [37m"TruckingTransport"[0m[37m.[0m[37m"updated_at"[0m [94mAS[0m [37m"TruckingTransport_updated_at"[0m [94mFROM[0m [37m"process_trucking_transport"[0m [37m"TruckingTransport"[0m [94mWHERE[0m [37m([0m[37m([0m[37m"TruckingTransport"[0m[37m.[0m[37m"container_number"[0m [37m=[0m [37m$[0m[32m1[0m[37m)[0m[37m)[0m [90m-- PARAMETERS: ["HMMU6019657"][0m
[90m[4mquery:[24m[39m [94mSELECT[0m [37m"WarehouseOperation"[0m[37m.[0m[37m"container_number"[0m [94mAS[0m [37m"WarehouseOperation_container_number"[0m[37m,[0m [37m"WarehouseOperation"[0m[37m.[0m[37m"operation_type"[0m [94mAS[0m [37m"WarehouseOperation_operation_type"[0m[37m,[0m [37m"WarehouseOperation"[0m[37m.[0m[37m"warehouse_id"[0m [94mAS[0m [37m"WarehouseOperation_warehouse_id"[0m[37m,[0m [37m"WarehouseOperation"[0m[37m.[0m[37m"planned_warehouse"[0m [94mAS[0m [37m"WarehouseOperation_planned_warehouse"[0m[37m,[0m [37m"WarehouseOperation"[0m[37m.[0m[37m"actual_warehouse"[0m [94mAS[0m [37m"WarehouseOperation_actual_warehouse"[0m[37m,[0m [37m"WarehouseOperation"[0m[37m.[0m[37m"warehouse_group"[0m [94mAS[0m [37m"WarehouseOperation_warehouse_group"[0m[37m,[0m [37m"WarehouseOperation"[0m[37m.[0m[37m"warehouse_arrival_date"[0m [94mAS[0m [37m"WarehouseOperation_warehouse_arrival_date"[0m[37m,[0m [37m"WarehouseOperation"[0m[37m.[0m[37m"unload_mode_actual"[0m [94mAS[0m [37m"WarehouseOperation_unload_mode_actual"[0m[37m,[0m [37m"WarehouseOperation"[0m[37m.[0m[37m"last_unload_date"[0m [94mAS[0m [37m"WarehouseOperation_last_unload_date"[0m[37m,[0m [37m"WarehouseOperation"[0m[37m.[0m[37m"planned_unload_date"[0m [94mAS[0m [37m"WarehouseOperation_planned_unload_date"[0m[37m,[0m [37m"WarehouseOperation"[0m[37m.[0m[37m"unload_date"[0m [94mAS[0m [37m"WarehouseOperation_unload_date"[0m[37m,[0m [37m"WarehouseOperation"[0m[37m.[0m[37m"wms_status"[0m [94mAS[0m [37m"WarehouseOperation_wms_status"[0m[37m,[0m [37m"WarehouseOperation"[0m[37m.[0m[37m"ebs_status"[0m [94mAS[0m [37m"WarehouseOperation_ebs_status"[0m[37m,[0m [37m"WarehouseOperation"[0m[37m.[0m[37m"wms_confirm_date"[0m [94mAS[0m [37m"WarehouseOperation_wms_confirm_date"[0m[37m,[0m [37m"WarehouseOperation"[0m[37m.[0m[37m"unload_gate"[0m [94mAS[0m [37m"WarehouseOperation_unload_gate"[0m[37m,[0m [37m"WarehouseOperation"[0m[37m.[0m[37m"unload_company"[0m [94mAS[0m [37m"WarehouseOperation_unload_company"[0m[37m,[0m [37m"WarehouseOperation"[0m[37m.[0m[37m"notification_pickup_date"[0m [94mAS[0m [37m"WarehouseOperation_notification_pickup_date"[0m[37m,[0m [37m"WarehouseOperation"[0m[37m.[0m[37m"pickup_time"[0m [94mAS[0m [37m"WarehouseOperation_pickup_time"[0m[37m,[0m [37m"WarehouseOperation"[0m[37m.[0m[37m"warehouse_remarks"[0m [94mAS[0m [37m"WarehouseOperation_warehouse_remarks"[0m[37m,[0m [37m"WarehouseOperation"[0m[37m.[0m[37m"gate_in_time"[0m [94mAS[0m [37m"WarehouseOperation_gate_in_time"[0m[37m,[0m [37m"WarehouseOperation"[0m[37m.[0m[37m"gate_out_time"[0m [94mAS[0m [37m"WarehouseOperation_gate_out_time"[0m[37m,[0m [37m"WarehouseOperation"[0m[37m.[0m[37m"storage_start_date"[0m [94mAS[0m [37m"WarehouseOperation_storage_start_date"[0m[37m,[0m [37m"WarehouseOperation"[0m[37m.[0m[37m"storage_end_date"[0m [94mAS[0m [37m"WarehouseOperation_storage_end_date"[0m[37m,[0m [37m"WarehouseOperation"[0m[37m.[0m[37m"is_unboxing"[0m [94mAS[0m [37m"WarehouseOperation_is_unboxing"[0m[37m,[0m [37m"WarehouseOperation"[0m[37m.[0m[37m"unboxing_time"[0m [94mAS[0m [37m"WarehouseOperation_unboxing_time"[0m[37m,[0m [37m"WarehouseOperation"[0m[37m.[0m[37m"cargo_received_by"[0m [94mAS[0m [37m"WarehouseOperation_cargo_received_by"[0m[37m,[0m [37m"WarehouseOperation"[0m[37m.[0m[37m"cargo_delivered_to"[0m [94mAS[0m [37m"WarehouseOperation_cargo_delivered_to"[0m[37m,[0m [37m"WarehouseOperation"[0m[37m.[0m[37m"remarks"[0m [94mAS[0m [37m"WarehouseOperation_remarks"[0m[37m,[0m [37m"WarehouseOperation"[0m[37m.[0m[37m"created_at"[0m [94mAS[0m [37m"WarehouseOperation_created_at"[0m[37m,[0m [37m"WarehouseOperation"[0m[37m.[0m[37m"updated_at"[0m [94mAS[0m [37m"WarehouseOperation_updated_at"[0m [94mFROM[0m [37m"process_warehouse_operations"[0m [37m"WarehouseOperation"[0m [94mWHERE[0m [37m([0m[37m([0m[37m"WarehouseOperation"[0m[37m.[0m[37m"container_number"[0m [37m=[0m [37m$[0m[32m1[0m[37m)[0m[37m)[0m [90m-- PARAMETERS: ["HMMU6019657"][0m
[90m[4mquery:[24m[39m [94mSELECT[0m [37m"EmptyReturn"[0m[37m.[0m[37m"container_number"[0m [94mAS[0m [37m"EmptyReturn_container_number"[0m[37m,[0m [37m"EmptyReturn"[0m[37m.[0m[37m"last_return_date"[0m [94mAS[0m [37m"EmptyReturn_last_return_date"[0m[37m,[0m [37m"EmptyReturn"[0m[37m.[0m[37m"planned_return_date"[0m [94mAS[0m [37m"EmptyReturn_planned_return_date"[0m[37m,[0m [37m"EmptyReturn"[0m[37m.[0m[37m"return_time"[0m [94mAS[0m [37m"EmptyReturn_return_time"[0m[37m,[0m [37m"EmptyReturn"[0m[37m.[0m[37m"notification_return_date"[0m [94mAS[0m [37m"EmptyReturn_notification_return_date"[0m[37m,[0m [37m"EmptyReturn"[0m[37m.[0m[37m"notification_return_time"[0m [94mAS[0m [37m"EmptyReturn_notification_return_time"[0m[37m,[0m [37m"EmptyReturn"[0m[37m.[0m[37m"return_terminal_code"[0m [94mAS[0m [37m"EmptyReturn_return_terminal_code"[0m[37m,[0m [37m"EmptyReturn"[0m[37m.[0m[37m"return_terminal_name"[0m [94mAS[0m [37m"EmptyReturn_return_terminal_name"[0m[37m,[0m [37m"EmptyReturn"[0m[37m.[0m[37m"container_condition"[0m [94mAS[0m [37m"EmptyReturn_container_condition"[0m[37m,[0m [37m"EmptyReturn"[0m[37m.[0m[37m"return_remarks"[0m [94mAS[0m [37m"EmptyReturn_return_remarks"[0m[37m,[0m [37m"EmptyReturn"[0m[37m.[0m[37m"created_at"[0m [94mAS[0m [37m"EmptyReturn_created_at"[0m[37m,[0m [37m"EmptyReturn"[0m[37m.[0m[37m"updated_at"[0m [94mAS[0m [37m"EmptyReturn_updated_at"[0m [94mFROM[0m [37m"process_empty_return"[0m [37m"EmptyReturn"[0m [94mWHERE[0m [37m([0m[37m([0m[37m"EmptyReturn"[0m[37m.[0m[37m"container_number"[0m [37m=[0m [37m$[0m[32m1[0m[37m)[0m[37m)[0m [90m-- PARAMETERS: ["HMMU6019657"][0m
馃搳 鍚庣 gantt-v3 璁＄畻缁撴灉:
  Phase: 1 (娓呭叧闃舵)
  Rule Version: gantt-v3
  娓呭叧: taskRole=main, completed=false
  鎻愭煖: taskRole=none, completed=false
  鍗告煖: taskRole=none, completed=false
  杩樼: taskRole=none, completed=false

馃帹 鍓嶇 calculateNodeStatus 璁＄畻缁撴灉:
  娓呭叧: status=pending, supplier=鏈寚瀹?  鎻愭煖: status=pending, supplier=RT_LOGISTICA_SRL_
  鍗告煖: status=pending, supplier=IT-S002
  杩樼: status=pending, supplier=鏈寚瀹?
馃搵 鏁版嵁婧愭鏌?
  鐩殑娓?actualCustomsDate: 鉂?鏃?  鎻愭煖 deliveryDate: 鉂?鏃?  鎻愭煖 pickupDate: 鉂?鏃?  鍗告煖 unloadDate: 鉂?鏃?  杩樼 returnTime: 鉂?鏃?
馃攳 瀵规瘮鍒嗘瀽:
  娓呭叧鑺傜偣:
    棰勬湡: 鏄剧ず (main/dashed/pending/active)
    鍚庣: 鉁?姝ｇ‘ (taskRole=main)
    鍓嶇: 鉁?姝ｇ‘ (status=pending)

  鉁?娴嬭瘯閫氳繃


============================================================
馃搳 娴嬭瘯鎬荤粨:
  鎬昏: 5 涓揣鏌?  閫氳繃: 2 鉁?  澶辫触: 3 鉂?============================================================

鈿狅笍  瀛樺湪澶辫触鐨勬祴璇曪紝璇锋鏌ヤ笂杩伴敊璇€?
鏁版嵁搴撹繛鎺ュ凡鍏抽棴
